Script started on 2023-08-11 17:33:54+08:00
]0;root@localhost:/home/fuu/23Q2/dbs-cli-master[root@localhost dbs-cli-master]# ./sev_test/test.sh 
[0m[1m[33mwarning[0m[0m[1m: unused variable: `digest`[0m
[0m   [0m[0m[1m[38;5;12m--> [0m[0m/home/fuu/23Q2/fuu-sev/src/session/mod.rs:144:9[0m
[0m    [0m[0m[1m[38;5;12m|[0m
[0m[1m[38;5;12m144[0m[0m [0m[0m[1m[38;5;12m|[0m[0m [0m[0m        digest: &[u8],[0m
[0m    [0m[0m[1m[38;5;12m| [0m[0m        [0m[0m[1m[33m^^^^^^[0m[0m [0m[0m[1m[33mhelp: if this is intentional, prefix it with an underscore: `_digest`[0m
[0m    [0m[0m[1m[38;5;12m|[0m
[0m    [0m[0m[1m[38;5;12m= [0m[0m[1mnote[0m[0m: `#[warn(unused_variables)]` on by default[0m

[0m[1m[33mwarning[0m[0m[1m: unused variable: `build`[0m
[0m   [0m[0m[1m[38;5;12m--> [0m[0m/home/fuu/23Q2/fuu-sev/src/session/mod.rs:145:9[0m
[0m    [0m[0m[1m[38;5;12m|[0m
[0m[1m[38;5;12m145[0m[0m [0m[0m[1m[38;5;12m|[0m[0m [0m[0m        build: Build,[0m
[0m    [0m[0m[1m[38;5;12m| [0m[0m        [0m[0m[1m[33m^^^^^[0m[0m [0m[0m[1m[33mhelp: if this is intentional, prefix it with an underscore: `_build`[0m

[0m[0m[1m[33mwarning[0m[1m:[0m `sev` (lib) generated 2 warnings (run `cargo fix --lib -p sev` to apply 2 suggestions)
[0m[1m[33mwarning[0m[0m[1m: unused import: `sev::launch::sev as sev_launch`[0m
[0m  [0m[0m[1m[38;5;12m--> [0m[0m/home/fuu/23Q2/inner-kata-containers/src/dragonball/src/error.rs:17:5[0m
[0m   [0m[0m[1m[38;5;12m|[0m
[0m[1m[38;5;12m17[0m[0m [0m[0m[1m[38;5;12m|[0m[0m [0m[0muse sev::launch::sev as sev_launch;[0m
[0m   [0m[0m[1m[38;5;12m| [0m[0m    [0m[0m[1m[33m^^^^^^^^^^^^^^^^^^^^^^^^^^^^^^[0m
[0m   [0m[0m[1m[38;5;12m|[0m
[0m   [0m[0m[1m[38;5;12m= [0m[0m[1mnote[0m[0m: `#[warn(unused_imports)]` on by default[0m

[0m[0m[1m[33mwarning[0m[1m:[0m `dragonball` (lib) generated 1 warning (run `cargo fix --lib -p dragonball` to apply 1 suggestion)
[0m[1m[33mwarning[0m[0m[1m: unused imports: `StartMicroVmError`, `VmmActionError`[0m
[0m  [0m[0m[1m[38;5;12m--> [0m[0msrc/cli_instance.rs:22:73[0m
[0m   [0m[0m[1m[38;5;12m|[0m
[0m[1m[38;5;12m22[0m[0m [0m[0m[1m[38;5;12m|[0m[0m [0m[0m        BlockDeviceConfigInfo, BootSourceConfig, InstanceInfo, TeeType, VmmActionError, VmmData,[0m
[0m   [0m[0m[1m[38;5;12m| [0m[0m                                                                        [0m[0m[1m[33m^^^^^^^^^^^^^^[0m
[0m[1m[38;5;12m...[0m
[0m[1m[38;5;12m27[0m[0m [0m[0m[1m[38;5;12m|[0m[0m [0m[0m    StartMicroVmError,[0m
[0m   [0m[0m[1m[38;5;12m| [0m[0m    [0m[0m[1m[33m^^^^^^^^^^^^^^^^^[0m
[0m   [0m[0m[1m[38;5;12m|[0m
[0m   [0m[0m[1m[38;5;12m= [0m[0m[1mnote[0m[0m: `#[warn(unused_imports)]` on by default[0m

[0m[1m[33mwarning[0m[0m[1m: variable does not need to be mutable[0m
[0m  [0m[0m[1m[38;5;12m--> [0m[0msrc/cli_instance.rs:89:13[0m
[0m   [0m[0m[1m[38;5;12m|[0m
[0m[1m[38;5;12m89[0m[0m [0m[0m[1m[38;5;12m|[0m[0m [0m[0m        let mut policy = Policy::default();[0m
[0m   [0m[0m[1m[38;5;12m| [0m[0m            [0m[0m[1m[38;5;12m----[0m[0m[1m[33m^^^^^^[0m
[0m   [0m[0m[1m[38;5;12m| [0m[0m            [0m[0m[1m[38;5;12m|[0m
[0m   [0m[0m[1m[38;5;12m| [0m[0m            [0m[0m[1m[38;5;12mhelp: remove this `mut`[0m
[0m   [0m[0m[1m[38;5;12m|[0m
[0m   [0m[0m[1m[38;5;12m= [0m[0m[1mnote[0m[0m: `#[warn(unused_mut)]` on by default[0m

[0m[0m[1m[33mwarning[0m[1m:[0m `dbs-cli` (bin "dbs-cli") generated 2 warnings (run `cargo fix --bin "dbs-cli"` to apply 2 suggestions)
[0m[0m[1m[32m    Finished[0m dev [unoptimized + debuginfo] target(s) in 0.09s
16
32
16
32
b1
64
INFO - Starting RUST Based TdShim boot_fv - 0xffcb0000, Top of stack - 0xff062000, init_vp - 0x0, info - 0xf366 
INFO - setup_exception_handlers done
INFO - Heap allocator init done: 0xff062000..0xff082000
INFO - PhitHob:
INFO -   version                - 0x9
INFO -   boot_mode              - 0x0
INFO -   efi_memory_top         - 0x0000000000000000
INFO -   efi_memory_bottom      - 0x0000000000000000
INFO -   efi_free_memory_top    - 0x0000000000000000
INFO -   efi_free_memory_bottom - 0x0000000000000000
INFO -   efi_end_of_hob_list    - 0x0000000000800228
INFO - ResourceDescription type: 0x00000000 start: 0x0000000000000000 length: 0x0000000080000000 attribute: (0x00000007)
INFO - ResourceDescription type: 0x00000000 start: 0x00000000ff000000 length: 0x0000000001000000 attribute: (0x00000007)
INFO - ResourceDescription type: 0x00000001 start: 0x00000000c0000000 length: 0x000000003f000000 attribute: (0x00000403)
INFO - Hob:
INFO -   header.type            - 0x4
INFO -   header.length          - 0x28
INFO - Hob:
INFO -   header.type            - 0x4
INFO -   header.length          - 0xf0
INFO - Hob:
INFO -   header.type            - 0x4
INFO -   header.length          - 0x40
INFO - Frame allocator init done: 0x7fedc000..0x7fefc000
INFO - Cr3 - 7fedc000
INFO - e820 table: [E820Entry { addr: 0, size: 7fddc000, type: 1 }, E820Entry { addr: 7fddc000, size: 100000, type: 3 }, E820Entry { addr: 7fedc000, size: 22000, type: 2 }, E820Entry { addr: 7fefe000, size: 102000, type: 4 }]
INFO - Jump to kernel...
[    0.000000] Linux version 5.10.134+ (root@iZuf6hx7901barev1c282cZ) (gcc (GCC) 10.2.1 20200825 (Alibaba 10.2.1-3 2.32), GNU ld version 2.35-12.2.al8) #51 SMP Fri Aug 11 17:13:48 CST 2023
[    0.000000] Command line: console=ttyS0 root=/dev/vda1 virtio_mmio.device=8K@0xc0000000:5 virtio_mmio.device=8K@0xc0002000:5
[    0.000000] [Firmware Bug]: TSC doesn't count with P0 frequency!
[    0.000000] x86/fpu: Supporting XSAVE feature 0x001: 'x87 floating point registers'
[    0.000000] x86/fpu: Supporting XSAVE feature 0x002: 'SSE registers'
[    0.000000] x86/fpu: Supporting XSAVE feature 0x004: 'AVX registers'
[    0.000000] x86/fpu: Supporting XSAVE feature 0x200: 'Protection Keys User registers'
[    0.000000] x86/fpu: xstate_offset[2]:  576, xstate_sizes[2]:  256
[    0.000000] x86/fpu: xstate_offset[9]:  832, xstate_sizes[9]:    8
[    0.000000] x86/fpu: Enabled xstate features 0x207, context size is 840 bytes, using 'compacted' format.
[    0.000000] signal: max sigframe size: 3376
[    0.000000] BIOS-provided physical RAM map:
[    0.000000] BIOS-e820: [mem 0x0000000000000000-0x000000007fddbfff] usable
[    0.000000] BIOS-e820: [mem 0x000000007fddc000-0x000000007fedbfff] ACPI data
[    0.000000] BIOS-e820: [mem 0x000000007fedc000-0x000000007fefdfff] reserved
[    0.000000] BIOS-e820: [mem 0x000000007fefe000-0x000000007fffffff] ACPI NVS
[    0.000000] NX (Execute Disable) protection: active
[    0.000000] DMI not present or invalid.
[    0.000000] Hypervisor detected: KVM
[    0.000000] kvm-clock: Using msrs 4b564d01 and 4b564d00
[    0.000000] kvm-clock: cpu 0, msr 4d001001, primary cpu clock
[    0.000000] kvm-clock: using sched offset of 13333794867 cycles
[    0.000005] clocksource: kvm-clock: mask: 0xffffffffffffffff max_cycles: 0x1cd42e4dffb, max_idle_ns: 881590591483 ns
[    0.000011] tsc: Detected 2545.218 MHz processor
[    0.000095] last_pfn = 0x7fddc max_arch_pfn = 0x400000000
[    0.000156] x86/PAT: Configuration [0-7]: WB  WC  UC- UC  WB  WP  UC- WT  
[    0.003675] software IO TLB: SWIOTLB bounce buffer size adjusted to 122MB
[    0.003801] Using GB pages for direct mapping
[    0.004032] ACPI: Early table checksum verification disabled
[    0.004067] ACPI: RSDP 0x000000007FDDC20A 000024 (v02 INTEL )
[    0.004073] ACPI: XSDT 0x000000007FDDC146 000034 (v01 INTEL  SHIM     00000001 SHIM 00000001)
[    0.004082] ACPI: APIC 0x000000007FDDC028 0000E6 (v05 ALICLD RUND     00000001 ALIC 00000001)
[    0.004085] ACPI: CCEL 0x000000007FDDC10E 000038 (v01 INTEL  SHIM     00000001 SHIM 00000001)
[    0.004087] ACPI: Reserving APIC table memory at [mem 0x7fddc028-0x7fddc10d]
[    0.004088] ACPI: Reserving CCEL table memory at [mem 0x7fddc10e-0x7fddc145]
[    0.004345] No NUMA configuration found
[    0.004347] Faking a node at [mem 0x0000000000000000-0x000000007fddbfff]
[    0.004360] NODE_DATA(0) allocated [mem 0x7fdb1000-0x7fddbfff]
[    0.004727] Zone ranges:
[    0.004730]   DMA      [mem 0x0000000000001000-0x0000000000ffffff]
[    0.004733]   DMA32    [mem 0x0000000001000000-0x000000007fddbfff]
[    0.004735]   Normal   empty
[    0.004737]   Device   empty
[    0.004739] Movable zone start for each node
[    0.004741] Early memory node ranges
[    0.004741]   node   0: [mem 0x0000000000001000-0x000000000009ffff]
[    0.004748]   node   0: [mem 0x0000000000100000-0x000000007fddbfff]
[    0.004758] Initmem setup node 0 [mem 0x0000000000001000-0x000000007fddbfff]
[    0.004773] On node 0, zone DMA: 1 pages in unavailable ranges
[    0.004877] On node 0, zone DMA: 96 pages in unavailable ranges
[    0.017968] On node 0, zone DMA32: 548 pages in unavailable ranges
[    0.018566] IOAPIC[0]: apic_id 0, version 17, address 0xfec00000, GSI 0-23
[    0.018568] ACPI: INT_SRC_OVR (bus 0 bus_irq 1 global_irq 1 dfl dfl)
[    0.018569] ACPI: INT_SRC_OVR (bus 0 bus_irq 2 global_irq 2 dfl dfl)
[    0.018570] ACPI: INT_SRC_OVR (bus 0 bus_irq 3 global_irq 3 dfl dfl)
[    0.018570] ACPI: INT_SRC_OVR (bus 0 bus_irq 4 global_irq 4 dfl dfl)
[    0.018571] ACPI: INT_SRC_OVR (bus 0 bus_irq 5 global_irq 5 dfl dfl)
[    0.018572] ACPI: INT_SRC_OVR (bus 0 bus_irq 6 global_irq 6 dfl dfl)
[    0.018573] ACPI: INT_SRC_OVR (bus 0 bus_irq 7 global_irq 7 dfl dfl)
[    0.018574] ACPI: INT_SRC_OVR (bus 0 bus_irq 8 global_irq 8 dfl dfl)
[    0.018575] ACPI: INT_SRC_OVR (bus 0 bus_irq 9 global_irq 9 dfl dfl)
[    0.018576] ACPI: INT_SRC_OVR (bus 0 bus_irq 10 global_irq 10 dfl dfl)
[    0.018576] ACPI: INT_SRC_OVR (bus 0 bus_irq 11 global_irq 11 dfl dfl)
[    0.018577] ACPI: INT_SRC_OVR (bus 0 bus_irq 12 global_irq 12 dfl dfl)
[    0.018577] ACPI: INT_SRC_OVR (bus 0 bus_irq 13 global_irq 13 dfl dfl)
[    0.018579] ACPI: INT_SRC_OVR (bus 0 bus_irq 14 global_irq 14 dfl dfl)
[    0.018580] ACPI: INT_SRC_OVR (bus 0 bus_irq 15 global_irq 15 dfl dfl)
[    0.018608] CPU: 0 PID: 0 Comm: swapper Not tainted 5.10.134+ #51
[    0.018614] Call Trace:
[    0.018662]  ? dump_stack+0x57/0x6e
[    0.018673]  ? acpi_table_print_madt_entry+0x164/0x230
[    0.018685]  ? acpi_parse_mp_wake+0x27/0x4b
[    0.018693]  ? acpi_parse_entries_array+0xf3/0x19e
[    0.018695]  ? acpi_table_parse_entries_array+0xa0/0xc7
[    0.018696]  ? acpi_table_parse_entries+0x33/0x3c
[    0.018697]  ? acpi_parse_fadt+0x10f/0x10f
[    0.018698]  ? acpi_process_madt+0xa3/0x125
[    0.018699]  ? acpi_boot_init+0x4a/0xad
[    0.018702]  ? setup_arch+0x734/0x83b
[    0.018706]  ? start_kernel+0x4d/0x43f
[    0.018708]  ? x86_early_init_platform_quirks+0x5/0x8c
[    0.018717]  ? secondary_startup_64_no_verify+0xbf/0xcb
[    0.018719] ACPI: Found unsupported MADT entry (type = 0x10)
[    0.018720] Using ACPI (MADT) for SMP configuration information
[    0.018730] TSC deadline timer available
[    0.018737] smpboot: Allowing 1 CPUs, 0 hotplug CPUs
[    0.018757] kvm-guest: KVM setup pv remote TLB flush
[    0.018778] kvm-guest: setup PV sched yield
[    0.018802] PM: hibernation: Registered nosave memory: [mem 0x00000000-0x00000fff]
[    0.018803] PM: hibernation: Registered nosave memory: [mem 0x000a0000-0x000fffff]
[    0.018805] [mem 0x80000000-0xffffffff] available for PCI devices
[    0.018808] Booting paravirtualized kernel on KVM
[    0.018819] clocksource: refined-jiffies: mask: 0xffffffff max_cycles: 0xffffffff, max_idle_ns: 1910969940391419 ns
[    0.022884] setup_percpu: NR_CPUS:8192 nr_cpumask_bits:1 nr_cpu_ids:1 nr_node_ids:1
[    0.023822] percpu: Embedded 65 pages/cpu s229376 r8192 d28672 u2097152
[    0.023874] kvm-guest: KVM setup async PF for cpu 0
[    0.023879] kvm-guest: stealtime: cpu 0, msr 7da37080
[    0.023893] Built 1 zonelists, mobility grouping on.  Total pages: 515367
[    0.023894] Policy zone: DMA32
[    0.023895] Kernel command line: console=ttyS0 root=/dev/vda1 virtio_mmio.device=8K@0xc0000000:5 virtio_mmio.device=8K@0xc0002000:5
[    0.024862] Dentry cache hash table entries: 262144 (order: 9, 2097152 bytes, linear)
[    0.025282] Inode-cache hash table entries: 131072 (order: 8, 1048576 bytes, linear)
[    0.025333] mem auto-init: stack:off, heap alloc:off, heap free:off
[    0.075205] software IO TLB: area num 1.
[    0.075205] software IO TLB: SWIOTLB bounce buffer size roundup to 128MB
[    0.079323] Memory: 1879692K/2094572K available (14346K kernel code, 9600K rwdata, 9456K rodata, 2696K init, 7336K bss, 214620K reserved, 0K cma-reserved)
[    0.079644] SLUB: HWalign=64, Order=0-3, MinObjects=0, CPUs=1, Nodes=1
[    0.079674] ftrace: allocating 46085 entries in 181 pages
[    0.091091] ftrace: allocated 181 pages with 5 groups
[    0.091303] rcu: Hierarchical RCU implementation.
[    0.091308] rcu: 	RCU restricting CPUs from NR_CPUS=8192 to nr_cpu_ids=1.
[    0.091309] 	Rude variant of Tasks RCU enabled.
[    0.091309] 	Tracing variant of Tasks RCU enabled.
[    0.091310] rcu: RCU calculated value of scheduler-enlistment delay is 100 jiffies.
[    0.091312] rcu: Adjusting geometry for rcu_fanout_leaf=16, nr_cpu_ids=1
[    0.094759] NR_IRQS: 524544, nr_irqs: 256, preallocated irqs: 16
[    0.094958] Console: colour dummy device 80x25
[    0.151079] printk: console [ttyS0] enabled
[    0.156604] Memory Encryption Features active:AMD  SEV
[    0.157068] ACPI: Core revision 20200925
[    0.157455] APIC: Switch to symmetric I/O mode setup
[    0.158013] try_to_enable_x2apic: remap_mode: -38
[    0.158428] x2apic enabled
[    0.158801] Switched APIC routing to physical x2apic.
[    0.159229] kvm-guest: setup PV IPIs
[    0.160138] clocksource: tsc-early: mask: 0xffffffffffffffff max_cycles: 0x24b01597403, max_idle_ns: 440795313139 ns
[    0.160999] Calibrating delay loop (skipped) preset value.. 5090.43 BogoMIPS (lpj=2545218)
[    0.161690] pid_max: default: 32768 minimum: 301
[    0.161997] LSM: Security Framework initializing
[    0.161997] SELinux:  Initializing.
[    0.161997] Mount-cache hash table entries: 4096 (order: 3, 32768 bytes, linear)
[    0.161997] Mountpoint-cache hash table entries: 4096 (order: 3, 32768 bytes, linear)
[    0.161997] x86/cpu: User Mode Instruction Prevention (UMIP) activated
[    0.161997] Last level iTLB entries: 4KB 512, 2MB 512, 4MB 256
[    0.161997] Last level dTLB entries: 4KB 2048, 2MB 2048, 4MB 1024, 1GB 0
[    0.161997] Spectre V1 : Mitigation: usercopy/swapgs barriers and __user pointer sanitization
[    0.161997] Spectre V2 : Mitigation: Retpolines
[    0.161997] Spectre V2 : Spectre v2 / SpectreRSB mitigation: Filling RSB on context switch
[    0.161997] Spectre V2 : Spectre v2 / SpectreRSB : Filling RSB on VMEXIT
[    0.161997] Spectre V2 : Enabling Restricted Speculation for firmware calls
[    0.161997] Spectre V2 : mitigation: Enabling conditional Indirect Branch Prediction Barrier
[    0.161997] Speculative Store Bypass: Mitigation: Speculative Store Bypass disabled via prctl and seccomp
[    0.161997] Freeing SMP alternatives memory: 40K
[    0.161997] ACPI Warning: AcpiEnable failed (20200925/utxfinit-135)
[    0.161997] ACPI: Unable to enable ACPI
[    0.161997] smpboot: CPU0: AMD EPYC (family: 0x19, model: 0x1, stepping: 0x1)
[    0.161997] Performance Events: Fam17h+ core perfctr, AMD PMU driver.
[    0.162004] ... version:                0
[    0.162342] ... bit width:              48
[    0.162679] ... generic registers:      6
[    0.163000] ... value mask:             0000ffffffffffff
[    0.163452] ... max period:             00007fffffffffff
[    0.163887] ... fixed-purpose events:   0
[    0.163999] ... event mask:             000000000000003f
[    0.164561] rcu: Hierarchical SRCU implementation.
[    0.165592] smp: Bringing up secondary CPUs ...
[    0.165987] smp: Brought up 1 node, 1 CPU
[    0.166002] smpboot: Max logical packages: 1
[    0.166369] smpboot: Total of 1 processors activated (5090.43 BogoMIPS)
[    0.169668] devtmpfs: initialized
[    0.170057] x86/mm: Memory block size: 128MB
[    0.170950] PM: Registering ACPI NVS region [mem 0x7fefe000-0x7fffffff] (1056768 bytes)
[    0.171107] clocksource: jiffies: mask: 0xffffffff max_cycles: 0xffffffff, max_idle_ns: 1911260446275000 ns
[    0.171869] futex hash table entries: 256 (order: 2, 16384 bytes, linear)
[    0.172076] pinctrl core: initialized pinctrl subsystem
[    0.172901] NET: Registered protocol family 16
[    0.173193] DMA: preallocated 256 KiB GFP_KERNEL pool for atomic allocations
[    0.173843] DMA: preallocated 256 KiB GFP_KERNEL|GFP_DMA pool for atomic allocations
[    0.174093] DMA: preallocated 256 KiB GFP_KERNEL|GFP_DMA32 pool for atomic allocations
[    0.174724] audit: initializing netlink subsys (disabled)
[    0.175215] thermal_sys: Registered thermal governor 'fair_share'
[    0.175216] thermal_sys: Registered thermal governor 'bang_bang'
[    0.175702] thermal_sys: Registered thermal governor 'step_wise'
[    0.176002] thermal_sys: Registered thermal governor 'user_space'
[    0.176935] cpuidle: using governor menu
[    0.177335] audit: type=2000 audit(1691746452.134:1): state=initialized audit_enabled=0 res=1
[    0.178021] HugeTLB: can optimize 4095 vmemmap pages for hugepages-1048576kB
[    0.179006] PCI: Fatal: No config space access function found
[    0.181260] Kprobes globally optimized
[    0.181703] HugeTLB: can optimize 7 vmemmap pages for hugepages-2048kB
[    0.182004] HugeTLB registered 1.00 GiB page size, pre-allocated 0 pages
[    0.182509] HugeTLB registered 2.00 MiB page size, pre-allocated 0 pages
[    0.206250] cryptd: max_cpu_qlen set to 1000
[    0.209462] ACPI: Interpreter disabled.
[    0.209840] iommu: Memory encryption detected - Disabling default IOMMU Passthrough
[    0.210011] iommu: Default domain type: Translated 
[    0.210403] vgaarb: loaded
[    0.210758] SCSI subsystem initialized
[    0.211086] usbcore: registered new interface driver usbfs
[    0.211508] usbcore: registered new interface driver hub
[    0.211928] usbcore: registered new device driver usb
[    0.212047] pps_core: LinuxPPS API ver. 1 registered
[    0.212428] pps_core: Software ver. 5.3.6 - Copyright 2005-2007 Rodolfo Giometti <giometti@linux.it>
[    0.213003] PTP clock support registered
[    0.213360] EDAC MC: Ver: 3.0.0
[    0.213808] NetLabel: Initializing
[    0.214002] NetLabel:  domain hash size = 128
[    0.214339] NetLabel:  protocols = UNLABELED CIPSOv4 CALIPSO
[    0.214800] NetLabel:  unlabeled traffic allowed by default
[    0.215000] PCI: System does not support PCI
[    0.215370] clocksource: Switched to clocksource kvm-clock
[    0.241729] VFS: Disk quotas dquot_6.6.0
[    0.242056] VFS: Dquot-cache hash table entries: 512 (order 0, 4096 bytes)
[    0.242641] pnp: PnP ACPI: disabled
[    0.244280] NET: Registered protocol family 2
[    0.244770] IP idents hash table entries: 32768 (order: 6, 262144 bytes, linear)
[    0.245553] tcp_listen_portaddr_hash hash table entries: 1024 (order: 2, 16384 bytes, linear)
[    0.246211] TCP established hash table entries: 16384 (order: 5, 131072 bytes, linear)
[    0.246860] TCP bind hash table entries: 16384 (order: 6, 262144 bytes, linear)
[    0.247517] TCP: Hash tables configured (established 16384 bind 16384)
[    0.248124] MPTCP token hash table entries: 2048 (order: 3, 49152 bytes, linear)
[    0.248699] UDP hash table entries: 1024 (order: 3, 32768 bytes, linear)
[    0.249226] UDP-Lite hash table entries: 1024 (order: 3, 32768 bytes, linear)
[    0.249815] NET: Registered protocol family 1
[    0.250162] NET: Registered protocol family 44
[    0.250504] PCI: CLS 0 bytes, default 64
[    0.252728] PCI-DMA: Using software bounce buffering for IO (SWIOTLB)
[    0.253227] software IO TLB: mapped [mem 0x0000000075d40000-0x000000007d800000] (122MB)
[    0.253848] virtio-mmio: Registering device virtio-mmio.0 at 0xc0000000-0xc0001fff, IRQ 5.
[    0.254497] virtio-mmio: Registering device virtio-mmio.1 at 0xc0002000-0xc0003fff, IRQ 5.
[    0.255160] clocksource: tsc: mask: 0xffffffffffffffff max_cycles: 0x24b01597403, max_idle_ns: 440795313139 ns
[    0.255917] clocksource: Switched to clocksource tsc
[    0.256309] platform rtc_cmos: registered platform RTC device (no PNP device found)
[    0.260765] Initialise system trusted keyrings
[    0.261168] Key type blacklist registered
[    0.261519] workingset: timestamp_bits=36 max_order=19 bucket_order=0
[    0.263509] zbud: loaded
[    0.264134] fuse: init (API version 7.33)
[    0.264755] integrity: Platform Keyring initialized
[    0.265143] Allocating IMA blacklist keyring.
[    0.268621] NET: Registered protocol family 38
[    0.268959] Key type asymmetric registered
[    0.269274] Asymmetric key parser 'x509' registered
[    0.269652] Block layer SCSI generic (bsg) driver version 0.4 loaded (major 245)
[    0.270232] io scheduler mq-deadline registered
[    0.270585] io scheduler kyber registered
[    0.270894] io scheduler bfq registered
[    0.271497] atomic64_test: passed for x86-64 platform with CX8 and with SSE
[    0.272125] shpchp: Standard Hot Plug PCI Controller Driver version: 0.4
[    0.272904] Serial: 8250/16550 driver, 4 ports, IRQ sharing enabled
[    0.273486] serial8250: ttyS0 at I/O 0x3f8 (irq = 4, base_baud = 115200) is a 16550A
[    0.274169] serial8250: ttyS1 at I/O 0x2f8 (irq = 3, base_baud = 115200) is a 16550A
[    0.275110] Non-volatile memory driver v1.3
[    0.275836] virtio_blk virtio0: [vda] 131072 512-byte logical blocks (67.1 MB/64.0 MiB)
[    0.276464] vda: detected capacity change from 0 to 67108864
[    0.277540] software IO TLB: Memory encryption is active and system is using DMA bounce buffers
[    0.278640]  vda: vda1
[    0.282079] rdac: device handler registered
[    0.282429] hp_sw: device handler registered
[    0.282752] emc: device handler registered
[    0.283090] alua: device handler registered
[    0.283580] ehci_hcd: USB 2.0 'Enhanced' Host Controller (EHCI) Driver
[    0.284084] ehci-pci: EHCI PCI platform driver
[    0.284436] ohci_hcd: USB 1.1 'Open' Host Controller (OHCI) Driver
[    0.284900] ohci-pci: OHCI PCI platform driver
[    0.285278] usbcore: registered new interface driver usbserial_generic
[    0.285796] usbserial: USB Serial support registered for generic
[    0.286298] i8042: PNP: No PS/2 controller found.
[    0.286656] i8042: Probing ports directly.
[    0.809754] i8042: Can't read CTR while initializing i8042
[    0.810195] i8042: probe of i8042 failed with error -5
[    0.810707] rtc_cmos rtc_cmos: only 24-hr supported
[    0.811118] cpuidle: using governor haltpoll
[    0.811511] hid: raw HID events driver (C) Jiri Kosina
[    0.811945] usbcore: registered new interface driver usbhid
[    0.812379] usbhid: USB HID core driver
[    0.812691] drop_monitor: Initializing network drop monitor service
[    0.813221] Initializing XFRM netlink socket
[    0.813693] NET: Registered protocol family 10
[    0.814295] Segment Routing with IPv6
[    0.814602] NET: Registered protocol family 17
[    0.815046] NET: Registered protocol family 40
[    0.817028] mpls_gso: MPLS GSO support
[    0.817495] IPI shorthand broadcast: enabled
[    0.817850] AVX2 version of gcm_enc/dec engaged.
[    0.818255] AES CTR mode by8 optimization enabled
[    0.820458] sched_clock: Marking stable (753916019, 66084442)->(859807003, -39806542)
[    0.821151] registered taskstats version 1
[    0.821517] Loading compiled-in X.509 certificates
[    0.840476] Loaded X.509 cert 'Build time autogenerated kernel key: c63d5cc42b6f354c5aa6efea8d80e724e9f88459'
[    0.841278] zswap: loaded using pool lzo/zbud
[    0.841952] Key type encrypted registered
[    0.842283] ima: No TPM chip found, activating TPM-bypass!
[    0.842712] ima: Allocated hash algorithm: sha256
[    0.843080] ima: No architecture policies found
[    0.843458] evm: Initialising EVM extended attributes:
[    0.843845] evm: security.selinux
[    0.844108] evm: security.SMACK64
[    0.844362] evm: security.SMACK64EXEC
[    0.844641] evm: security.SMACK64TRANSMUTE
[    0.844949] evm: security.SMACK64MMAP
[    0.845232] evm: security.ima
[    0.845459] evm: security.capability
[    0.845737] evm: HMAC attrs: 0x1
[    0.846272] RAS: Correctable Errors collector initialized.
[    0.846889] md: Waiting for all devices to be available before autodetect
[    0.847412] md: If you don't use raid, use raid=noautodetect
[    0.847849] md: Autodetecting RAID arrays.
[    0.848165] md: autorun ...
[    0.848381] md: ... autorun DONE.
[    0.850306] EXT4-fs (vda1): mounted filesystem with ordered data mode. Opts: (null)
[    0.850911] VFS: Mounted root (ext4 filesystem) readonly on device 253:1.
[    0.851652] devtmpfs: mounted
[    0.852078] integrity: Unable to open file: /etc/keys/x509_ima.der (-2)
[    0.852080] integrity: Unable to open file: /etc/keys/x509_evm.der (-2)
[    0.854727] Freeing unused decrypted memory: 2036K
[    0.855860] Freeing unused kernel image (initmem) memory: 2696K
[    0.856308] Write protecting the kernel read-only data: 26624k
[    0.857603] Freeing unused kernel image (text/rodata gap) memory: 2036K
[    0.858428] Freeing unused kernel image (rodata/data gap) memory: 784K
[    0.858921] Run /sbin/init as init process
[    0.874262] kata-agent starting...
[    0.874632] kata-agent done
[    0.874886] other services starting...
2023-08-11T09:34:12Z chronyd version 3.5.1 starting (+CMDMON +NTP +REFCLOCK +RTC +PRIVDROP -SCFILTER +SIGND +ASYNCDNS -SECHASH +IPV6 -DEBUG)
2023-08-11T09:34:12Z Could not open /dev/ptp0 : No such file or directory
2023-08-11T09:34:12Z Fatal error : Could not open PHC
[    0.885983] random: kata-agent: uninitialized urandom read (16 bytes read)
[    0.891656] random: kata-agent: uninitialized urandom read (16 bytes read)
{"msg":"announce","level":"INFO","ts":"2023-08-11T09:34:12.853075321+00:00","source":"agent","subsystem":"root","name":"kata-agent","version":"0.1.0","pid":"243","agent-version":"2.0.0-0559a1d9d5ad874a63f6a699827def79825d3993","agent-type":"rust","api-version":"0.0.1","agent-commit":"2.0.0-0559a1d9d5ad874a63f6a699827def79825d3993"}
{"msg":"got systemd services []","level":"INFO","ts":"2023-08-11T09:34:12.853114875+00:00","subsystem":"root","pid":"243","version":"0.1.0","name":"kata-agent","source":"agent"}
{"msg":"exec path \"/bin/kata-agent\"","level":"INFO","ts":"2023-08-11T09:34:12.853132198+00:00","pid":"243","name":"kata-agent","subsystem":"root","version":"0.1.0","source":"agent"}
{"msg":"TTRPC server started","level":"INFO","ts":"2023-08-11T09:34:12.858764691+00:00","name":"kata-agent","version":"0.1.0","pid":"243","subsystem":"agent-rs","source":"agent"}
{"msg":"start to wait server","level":"INFO","ts":"2023-08-11T09:34:12.858785620+00:00","subsystem":"agent-rs","version":"0.1.0","source":"agent","name":"kata-agent","pid":"243"}
[    1.583104] random: crng init done
Chronyd is running
[    1.882958] other services done
reporting_factor error No such file or directory (os error 2)

Welcome to Alibaba Kangaroo
localhost login: root
root
login[264]: root login on 'ttyS0'
localhost:~# [6ndmelocalhost:~# dmesg [J
[    0.000000] cgroup: Initializing cgroup subsys cpuset
[    0.000000] cgroup: Initializing cgroup subsys cpu
[    0.000000] cgroup: Initializing cgroup subsys cpuacct
[    0.000000] Linux version 5.10.134+ (root@iZuf6hx7901barev1c282cZ) (gcc (GCC) 10.2.1 20200825 (Alibaba 10.2.1-3 2.32), GNU ld version 2.35-12.2.al8) #51 SMP Fri Aug 11 17:13:48 CST 2023
[    0.000000] Command line: console=ttyS0 root=/dev/vda1 virtio_mmio.device=8K@0xc0000000:5 virtio_mmio.device=8K@0xc0002000:5
[    0.000000] tseg: 0000000000
[    0.000000] [Firmware Bug]: TSC doesn't count with P0 frequency!
[    0.000000] x86/fpu: Supporting XSAVE feature 0x001: 'x87 floating point registers'
[    0.000000] x86/fpu: Supporting XSAVE feature 0x002: 'SSE registers'
[    0.000000] x86/fpu: Supporting XSAVE feature 0x004: 'AVX registers'
[    0.000000] x86/fpu: Supporting XSAVE feature 0x200: 'Protection Keys User registers'
[    0.000000] x86/fpu: xstate_offset[2]:  576, xstate_sizes[2]:  256
[    0.000000] x86/fpu: xstate_offset[9]:  832, xstate_sizes[9]:    8
[    0.000000] x86/fpu: Enabled xstate features 0x207, context size is 840 bytes, using 'compacted' format.
[    0.000000] signal: max sigframe size: 3376
[    0.000000] BIOS-provided physical RAM map:
[    0.000000] BIOS-e820: [mem 0x0000000000000000-0x000000007fddbfff] usable
[    0.000000] BIOS-e820: [mem 0x000000007fddc000-0x000000007fedbfff] ACPI data
[    0.000000] BIOS-e820: [mem 0x000000007fedc000-0x000000007fefdfff] reserved
[    0.000000] BIOS-e820: [mem 0x000000007fefe000-0x000000007fffffff] ACPI NVS
[    0.000000] doing early options, parsing ARGS: 'console=ttyS0 root=/dev/vda1 virtio_mmio.device=8K@0xc0000000:5 virtio_mmio.device=8K@0xc0002000:5'
[    0.000000] doing early options: console='ttyS0'
[    0.000000] doing early options: root='/dev/vda1'
[    0.000000] doing early options: virtio_mmio.device='8K@0xc0000000:5'
[    0.000000] doing early options: virtio_mmio.device='8K@0xc0002000:5'
[    0.000000] NX (Execute Disable) protection: active
[    0.000000] DMI not present or invalid.
[    0.000000] Hypervisor detected: KVM
[    0.000000] kvm-clock: Using msrs 4b564d01 and 4b564d00
[    0.000000] kvm-clock: cpu 0, msr 4d001001, primary cpu clock
[    0.000000] kvm-clock: using sched offset of 13333794867 cycles
[    0.000005] clocksource: kvm-clock: mask: 0xffffffffffffffff max_cycles: 0x1cd42e4dffb, max_idle_ns: 881590591483 ns
[    0.000011] tsc: Detected 2545.218 MHz processor
[    0.000091] e820: update [mem 0x00000000-0x00000fff] usable ==> reserved
[    0.000093] e820: remove [mem 0x000a0000-0x000fffff] usable
[    0.000095] last_pfn = 0x7fddc max_arch_pfn = 0x400000000
[    0.000131] MTRR default type: write-back
[    0.000133] MTRR fixed ranges enabled:
[    0.000136]   00000-FFFFF uncachable
[    0.000136] MTRR variable ranges enabled:
[    0.000137]   0 disabled
[    0.000137]   1 disabled
[    0.000137]   2 disabled
[    0.000138]   3 disabled
[    0.000138]   4 disabled
[    0.000138]   5 disabled
[    0.000139]   6 disabled
[    0.000139]   7 disabled
[    0.000156] x86/PAT: Configuration [0-7]: WB  WC  UC- UC  WB  WP  UC- WT  
[    0.003675] software IO TLB: SWIOTLB bounce buffer size adjusted to 122MB
[    0.003801] Using GB pages for direct mapping
[    0.003826] init_memory_mapping: [mem 0x00000000-0x000fffff]
[    0.003834]  [mem 0x00000000-0x000fffff] page 4k
[    0.003914] init_memory_mapping: [mem 0x7fa00000-0x7fbfffff]
[    0.003915]  [mem 0x7fa00000-0x7fbfffff] page 2M
[    0.003927] init_memory_mapping: [mem 0x60000000-0x7f9fffff]
[    0.003927]  [mem 0x60000000-0x7f9fffff] page 2M
[    0.003942] init_memory_mapping: [mem 0x40000000-0x5fffffff]
[    0.003942]  [mem 0x40000000-0x5fffffff] page 2M
[    0.003957] init_memory_mapping: [mem 0x00100000-0x3fffffff]
[    0.003957]  [mem 0x00100000-0x001fffff] page 4k
[    0.003958]  [mem 0x00200000-0x3fffffff] page 2M
[    0.003985] init_memory_mapping: [mem 0x7fc00000-0x7fddbfff]
[    0.003986]  [mem 0x7fc00000-0x7fddbfff] page 4k
[    0.004032] ACPI: Early table checksum verification disabled
[    0.004067] ACPI: RSDP 0x000000007FDDC20A 000024 (v02 INTEL )
[    0.004073] ACPI: XSDT 0x000000007FDDC146 000034 (v01 INTEL  SHIM     00000001 SHIM 00000001)
[    0.004082] ACPI: APIC 0x000000007FDDC028 0000E6 (v05 ALICLD RUND     00000001 ALIC 00000001)
[    0.004085] ACPI: CCEL 0x000000007FDDC10E 000038 (v01 INTEL  SHIM     00000001 SHIM 00000001)
[    0.004087] ACPI: Reserving APIC table memory at [mem 0x7fddc028-0x7fddc10d]
[    0.004088] ACPI: Reserving CCEL table memory at [mem 0x7fddc10e-0x7fddc145]
[    0.004115] ACPI: Local APIC address 0xfee00000
[    0.004134] set_pte_vaddr ffffffffff5fc000 to 80000000fee0017b
[    0.004345] No NUMA configuration found
[    0.004347] Faking a node at [mem 0x0000000000000000-0x000000007fddbfff]
[    0.004360] NODE_DATA(0) allocated [mem 0x7fdb1000-0x7fddbfff]
[    0.004719]  [fffff5d640000000-fffff5d641ffffff] PMD -> [(____ptrval____)-(____ptrval____)] on node 0
[    0.004727] Zone ranges:
[    0.004730]   DMA      [mem 0x0000000000001000-0x0000000000ffffff]
[    0.004733]   DMA32    [mem 0x0000000001000000-0x000000007fddbfff]
[    0.004735]   Normal   empty
[    0.004737]   Device   empty
[    0.004739] Movable zone start for each node
[    0.004741] Early memory node ranges
[    0.004741]   node   0: [mem 0x0000000000001000-0x000000000009ffff]
[    0.004747] subsection_map_init: sec: 0 pfns: 159 set(0, 0)
[    0.004748]   node   0: [mem 0x0000000000100000-0x000000007fddbfff]
[    0.004749] subsection_map_init: sec: 0 pfns: 32512 set(0, 63)
[    0.004749] subsection_map_init: sec: 1 pfns: 32768 set(0, 63)
[    0.004750] subsection_map_init: sec: 2 pfns: 32768 set(0, 63)
[    0.004750] subsection_map_init: sec: 3 pfns: 32768 set(0, 63)
[    0.004751] subsection_map_init: sec: 4 pfns: 32768 set(0, 63)
[    0.004751] subsection_map_init: sec: 5 pfns: 32768 set(0, 63)
[    0.004752] subsection_map_init: sec: 6 pfns: 32768 set(0, 63)
[    0.004752] subsection_map_init: sec: 7 pfns: 32768 set(0, 63)
[    0.004753] subsection_map_init: sec: 8 pfns: 32768 set(0, 63)
[    0.004753] subsection_map_init: sec: 9 pfns: 32768 set(0, 63)
[    0.004753] subsection_map_init: sec: 10 pfns: 32768 set(0, 63)
[    0.004754] subsection_map_init: sec: 11 pfns: 32768 set(0, 63)
[    0.004754] subsection_map_init: sec: 12 pfns: 32768 set(0, 63)
[    0.004755] subsection_map_init: sec: 13 pfns: 32768 set(0, 63)
[    0.004755] subsection_map_init: sec: 14 pfns: 32768 set(0, 63)
[    0.004756] subsection_map_init: sec: 15 pfns: 32220 set(0, 62)
[    0.004758] Initmem setup node 0 [mem 0x0000000000001000-0x000000007fddbfff]
[    0.004759] On node 0 totalpages: 523643
[    0.004762]   DMA zone: 64 pages used for memmap
[    0.004763]   DMA zone: 92 pages reserved
[    0.004764]   DMA zone: 3999 pages, LIFO batch:0
[    0.004765]   DMA32 zone: 8120 pages used for memmap
[    0.004765]   DMA32 zone: 519644 pages, LIFO batch:63
[    0.004773] On node 0, zone DMA: 1 pages in unavailable ranges
[    0.004877] On node 0, zone DMA: 96 pages in unavailable ranges
[    0.017968] On node 0, zone DMA32: 548 pages in unavailable ranges
[    0.017973] set_pte_vaddr ffffffffff600000 to 800800004ba05165
[    0.018520] ACPI: Local APIC address 0xfee00000
[    0.018528] ACPI: LAPIC (acpi_id[0x00] lapic_id[0x00] enabled)
[    0.018541] ACPI: IOAPIC (id[0x00] address[0xfec00000] gsi_base[0])
[    0.018544] set_pte_vaddr ffffffffff5fb000 to 80000000fec0017b
[    0.018566] IOAPIC[0]: apic_id 0, version 17, address 0xfec00000, GSI 0-23
[    0.018568] ACPI: INT_SRC_OVR (bus 0 bus_irq 1 global_irq 1 dfl dfl)
[    0.018569] ACPI: INT_SRC_OVR (bus 0 bus_irq 2 global_irq 2 dfl dfl)
[    0.018570] ACPI: INT_SRC_OVR (bus 0 bus_irq 3 global_irq 3 dfl dfl)
[    0.018570] ACPI: INT_SRC_OVR (bus 0 bus_irq 4 global_irq 4 dfl dfl)
[    0.018571] ACPI: INT_SRC_OVR (bus 0 bus_irq 5 global_irq 5 dfl dfl)
[    0.018572] ACPI: INT_SRC_OVR (bus 0 bus_irq 6 global_irq 6 dfl dfl)
[    0.018573] ACPI: INT_SRC_OVR (bus 0 bus_irq 7 global_irq 7 dfl dfl)
[    0.018574] ACPI: INT_SRC_OVR (bus 0 bus_irq 8 global_irq 8 dfl dfl)
[    0.018575] ACPI: INT_SRC_OVR (bus 0 bus_irq 9 global_irq 9 dfl dfl)
[    0.018576] ACPI: INT_SRC_OVR (bus 0 bus_irq 10 global_irq 10 dfl dfl)
[    0.018576] ACPI: INT_SRC_OVR (bus 0 bus_irq 11 global_irq 11 dfl dfl)
[    0.018577] ACPI: INT_SRC_OVR (bus 0 bus_irq 12 global_irq 12 dfl dfl)
[    0.018577] ACPI: INT_SRC_OVR (bus 0 bus_irq 13 global_irq 13 dfl dfl)
[    0.018579] ACPI: INT_SRC_OVR (bus 0 bus_irq 14 global_irq 14 dfl dfl)
[    0.018580] ACPI: INT_SRC_OVR (bus 0 bus_irq 15 global_irq 15 dfl dfl)
[    0.018586] Bus #0 is ISA (nIRQs: 16)
[    0.018587] ACPI: IRQ0 used by override.
[    0.018587] ACPI: IRQ1 used by override.
[    0.018587] ACPI: IRQ2 used by override.
[    0.018588] ACPI: IRQ3 used by override.
[    0.018588] ACPI: IRQ4 used by override.
[    0.018588] ACPI: IRQ5 used by override.
[    0.018588] ACPI: IRQ6 used by override.
[    0.018590] ACPI: IRQ7 used by override.
[    0.018591] ACPI: IRQ8 used by override.
[    0.018591] ACPI: IRQ9 used by override.
[    0.018591] ACPI: IRQ10 used by override.
[    0.018592] ACPI: IRQ11 used by override.
[    0.018592] ACPI: IRQ12 used by override.
[    0.018592] ACPI: IRQ13 used by override.
[    0.018593] ACPI: IRQ14 used by override.
[    0.018593] ACPI: IRQ15 used by override.
[    0.018608] CPU: 0 PID: 0 Comm: swapper Not tainted 5.10.134+ #51
[    0.018614] Call Trace:
[    0.018662]  ? dump_stack+0x57/0x6e
[    0.018673]  ? acpi_table_print_madt_entry+0x164/0x230
[    0.018685]  ? acpi_parse_mp_wake+0x27/0x4b
[    0.018693]  ? acpi_parse_entries_array+0xf3/0x19e
[    0.018695]  ? acpi_table_parse_entries_array+0xa0/0xc7
[    0.018696]  ? acpi_table_parse_entries+0x33/0x3c
[    0.018697]  ? acpi_parse_fadt+0x10f/0x10f
[    0.018698]  ? acpi_process_madt+0xa3/0x125
[    0.018699]  ? acpi_boot_init+0x4a/0xad
[    0.018702]  ? setup_arch+0x734/0x83b
[    0.018706]  ? start_kernel+0x4d/0x43f
[    0.018708]  ? x86_early_init_platform_quirks+0x5/0x8c
[    0.018717]  ? secondary_startup_64_no_verify+0xbf/0xcb
[    0.018719] ACPI: Found unsupported MADT entry (type = 0x10)
[    0.018720] Using ACPI (MADT) for SMP configuration information
[    0.018730] TSC deadline timer available
[    0.018737] smpboot: Allowing 1 CPUs, 0 hotplug CPUs
[    0.018743] set_pte_vaddr ffffffffff5fb000 to 80000000fec0017b
[    0.018757] kvm-guest: KVM setup pv remote TLB flush
[    0.018778] kvm-guest: setup PV sched yield
[    0.018802] PM: hibernation: Registered nosave memory: [mem 0x00000000-0x00000fff]
[    0.018803] PM: hibernation: Registered nosave memory: [mem 0x000a0000-0x000fffff]
[    0.018805] [mem 0x80000000-0xffffffff] available for PCI devices
[    0.018808] Booting paravirtualized kernel on KVM
[    0.018819] clocksource: refined-jiffies: mask: 0xffffffff max_cycles: 0xffffffff, max_idle_ns: 1910969940391419 ns
[    0.022884] setup_percpu: NR_CPUS:8192 nr_cpumask_bits:1 nr_cpu_ids:1 nr_node_ids:1
[    0.023745] setup_percpu: per cpu data for cpu0 2097152 bytes on node0 at 000000007da00000
[    0.023822] percpu: Embedded 65 pages/cpu s229376 r8192 d28672 u2097152
[    0.023828] pcpu-alloc: s229376 r8192 d28672 u2097152 alloc=1*2097152
[    0.023831] pcpu-alloc: [0] 0 
[    0.023843] Node to cpumask map for 1 nodes
[    0.023874] kvm-guest: KVM setup async PF for cpu 0
[    0.023879] kvm-guest: stealtime: cpu 0, msr 7da37080
[    0.023893] Built 1 zonelists, mobility grouping on.  Total pages: 515367
[    0.023894] Policy zone: DMA32
[    0.023895] Kernel command line: console=ttyS0 root=/dev/vda1 virtio_mmio.device=8K@0xc0000000:5 virtio_mmio.device=8K@0xc0002000:5
[    0.023901] doing Booting kernel, parsing ARGS: 'console=ttyS0 root=/dev/vda1 virtio_mmio.device=8K@0xc0000000:5 virtio_mmio.device=8K@0xc0002000:5'
[    0.023999] doing Booting kernel: console='ttyS0'
[    0.024018] doing Booting kernel: root='/dev/vda1'
[    0.024862] Dentry cache hash table entries: 262144 (order: 9, 2097152 bytes, linear)
[    0.025282] Inode-cache hash table entries: 131072 (order: 8, 1048576 bytes, linear)
[    0.025291] set_pte_vaddr fffffe13e0ced000 to 800800007da0b161
[    0.025293] spp_getpage (____ptrval____)
[    0.025296] spp_getpage (____ptrval____)
[    0.025298] spp_getpage (____ptrval____)
[    0.025299] set_pte_vaddr fffffe13e0cee000 to 800800007da18163
[    0.025301] set_pte_vaddr fffffe13e0cef000 to 800800007da06161
[    0.025302] set_pte_vaddr fffffe13e0cf0000 to 800800007da07161
[    0.025302] set_pte_vaddr fffffe13e0cf1000 to 800800007da08161
[    0.025303] set_pte_vaddr fffffe13e0cf2000 to 800800007da09161
[    0.025303] set_pte_vaddr fffffe13e0cf3000 to 800800007da0a161
[    0.025304] set_pte_vaddr fffffe13e0cf5000 to 800800007da0c163
[    0.025304] set_pte_vaddr fffffe13e0cf6000 to 800800007da0d163
[    0.025305] set_pte_vaddr fffffe13e0cf8000 to 800800007da0e163
[    0.025305] set_pte_vaddr fffffe13e0cf9000 to 800800007da0f163
[    0.025306] set_pte_vaddr fffffe13e0cfb000 to 800800007da10163
[    0.025306] set_pte_vaddr fffffe13e0cfc000 to 800800007da11163
[    0.025307] set_pte_vaddr fffffe13e0cfe000 to 800800007da12163
[    0.025307] set_pte_vaddr fffffe13e0cff000 to 800800007da13163
[    0.025313] Initializing CPU#0
[    0.025333] mem auto-init: stack:off, heap alloc:off, heap free:off
[    0.075205] software IO TLB: area num 1.
[    0.075205] software IO TLB: SWIOTLB bounce buffer size roundup to 128MB
[    0.079323] Memory: 1879692K/2094572K available (14346K kernel code, 9600K rwdata, 9456K rodata, 2696K init, 7336K bss, 214620K reserved, 0K cma-reserved)
[    0.079644] SLUB: HWalign=64, Order=0-3, MinObjects=0, CPUs=1, Nodes=1
[    0.079674] ftrace: allocating 46085 entries in 181 pages
[    0.091091] ftrace: allocated 181 pages with 5 groups
[    0.091303] rcu: Hierarchical RCU implementation.
[    0.091308] rcu: 	RCU restricting CPUs from NR_CPUS=8192 to nr_cpu_ids=1.
[    0.091309] 	Rude variant of Tasks RCU enabled.
[    0.091309] 	Tracing variant of Tasks RCU enabled.
[    0.091310] rcu: RCU calculated value of scheduler-enlistment delay is 100 jiffies.
[    0.091312] rcu: Adjusting geometry for rcu_fanout_leaf=16, nr_cpu_ids=1
[    0.093125] syscall sys_ni_syscall metadata not mapped, disabling ftrace event
[    0.093126] syscall sys_ni_syscall metadata not mapped, disabling ftrace event
[    0.093152] syscall sys_ia32_fallocate metadata not mapped, disabling ftrace event
[    0.093153] syscall sys_ia32_fallocate metadata not mapped, disabling ftrace event
[    0.093153] syscall sys_ia32_fadvise64 metadata not mapped, disabling ftrace event
[    0.093154] syscall sys_ia32_fadvise64 metadata not mapped, disabling ftrace event
[    0.093154] syscall sys_ia32_sync_file_range metadata not mapped, disabling ftrace event
[    0.093154] syscall sys_ia32_sync_file_range metadata not mapped, disabling ftrace event
[    0.093155] syscall sys_ia32_readahead metadata not mapped, disabling ftrace event
[    0.093155] syscall sys_ia32_readahead metadata not mapped, disabling ftrace event
[    0.093155] syscall sys_ia32_fadvise64_64 metadata not mapped, disabling ftrace event
[    0.093155] syscall sys_ia32_fadvise64_64 metadata not mapped, disabling ftrace event
[    0.093156] syscall sys_ia32_pwrite64 metadata not mapped, disabling ftrace event
[    0.093156] syscall sys_ia32_pwrite64 metadata not mapped, disabling ftrace event
[    0.093156] syscall sys_ia32_pread64 metadata not mapped, disabling ftrace event
[    0.093157] syscall sys_ia32_pread64 metadata not mapped, disabling ftrace event
[    0.093157] syscall sys_ia32_ftruncate64 metadata not mapped, disabling ftrace event
[    0.093157] syscall sys_ia32_ftruncate64 metadata not mapped, disabling ftrace event
[    0.093158] syscall sys_ia32_truncate64 metadata not mapped, disabling ftrace event
[    0.093158] syscall sys_ia32_truncate64 metadata not mapped, disabling ftrace event
[    0.093166] syscall sys_get_thread_area metadata not mapped, disabling ftrace event
[    0.093166] syscall sys_get_thread_area metadata not mapped, disabling ftrace event
[    0.093166] syscall sys_set_thread_area metadata not mapped, disabling ftrace event
[    0.093166] syscall sys_set_thread_area metadata not mapped, disabling ftrace event
[    0.093172] syscall sys_waitpid metadata not mapped, disabling ftrace event
[    0.093173] syscall sys_waitpid metadata not mapped, disabling ftrace event
[    0.093184] syscall sys_sigsuspend metadata not mapped, disabling ftrace event
[    0.093185] syscall sys_sigsuspend metadata not mapped, disabling ftrace event
[    0.093186] syscall sys_signal metadata not mapped, disabling ftrace event
[    0.093186] syscall sys_signal metadata not mapped, disabling ftrace event
[    0.093188] syscall sys_ssetmask metadata not mapped, disabling ftrace event
[    0.093188] syscall sys_ssetmask metadata not mapped, disabling ftrace event
[    0.093189] syscall sys_sgetmask metadata not mapped, disabling ftrace event
[    0.093189] syscall sys_sgetmask metadata not mapped, disabling ftrace event
[    0.093192] syscall sys_sigprocmask metadata not mapped, disabling ftrace event
[    0.093192] syscall sys_sigprocmask metadata not mapped, disabling ftrace event
[    0.093193] syscall sys_sigpending metadata not mapped, disabling ftrace event
[    0.093193] syscall sys_sigpending metadata not mapped, disabling ftrace event
[    0.093203] syscall sys_rt_sigtimedwait_time32 metadata not mapped, disabling ftrace event
[    0.093203] syscall sys_rt_sigtimedwait_time32 metadata not mapped, disabling ftrace event
[    0.093218] syscall sys_old_getrlimit metadata not mapped, disabling ftrace event
[    0.093218] syscall sys_old_getrlimit metadata not mapped, disabling ftrace event
[    0.093220] syscall sys_gethostname metadata not mapped, disabling ftrace event
[    0.093220] syscall sys_gethostname metadata not mapped, disabling ftrace event
[    0.093221] syscall sys_olduname metadata not mapped, disabling ftrace event
[    0.093223] syscall sys_olduname metadata not mapped, disabling ftrace event
[    0.093223] syscall sys_uname metadata not mapped, disabling ftrace event
[    0.093224] syscall sys_uname metadata not mapped, disabling ftrace event
[    0.093256] syscall sys_sched_rr_get_interval_time32 metadata not mapped, disabling ftrace event
[    0.093257] syscall sys_sched_rr_get_interval_time32 metadata not mapped, disabling ftrace event
[    0.093269] syscall sys_nice metadata not mapped, disabling ftrace event
[    0.093269] syscall sys_nice metadata not mapped, disabling ftrace event
[    0.093279] syscall sys_adjtimex_time32 metadata not mapped, disabling ftrace event
[    0.093280] syscall sys_adjtimex_time32 metadata not mapped, disabling ftrace event
[    0.093282] syscall sys_stime32 metadata not mapped, disabling ftrace event
[    0.093282] syscall sys_stime32 metadata not mapped, disabling ftrace event
[    0.093283] syscall sys_time32 metadata not mapped, disabling ftrace event
[    0.093283] syscall sys_time32 metadata not mapped, disabling ftrace event
[    0.093283] syscall sys_stime metadata not mapped, disabling ftrace event
[    0.093284] syscall sys_stime metadata not mapped, disabling ftrace event
[    0.093287] syscall sys_nanosleep_time32 metadata not mapped, disabling ftrace event
[    0.093287] syscall sys_nanosleep_time32 metadata not mapped, disabling ftrace event
[    0.093288] syscall sys_clock_nanosleep_time32 metadata not mapped, disabling ftrace event
[    0.093289] syscall sys_clock_nanosleep_time32 metadata not mapped, disabling ftrace event
[    0.093291] syscall sys_clock_getres_time32 metadata not mapped, disabling ftrace event
[    0.093291] syscall sys_clock_getres_time32 metadata not mapped, disabling ftrace event
[    0.093291] syscall sys_clock_adjtime32 metadata not mapped, disabling ftrace event
[    0.093292] syscall sys_clock_adjtime32 metadata not mapped, disabling ftrace event
[    0.093292] syscall sys_clock_gettime32 metadata not mapped, disabling ftrace event
[    0.093292] syscall sys_clock_gettime32 metadata not mapped, disabling ftrace event
[    0.093292] syscall sys_clock_settime32 metadata not mapped, disabling ftrace event
[    0.093293] syscall sys_clock_settime32 metadata not mapped, disabling ftrace event
[    0.093298] syscall sys_timer_settime32 metadata not mapped, disabling ftrace event
[    0.093298] syscall sys_timer_settime32 metadata not mapped, disabling ftrace event
[    0.093300] syscall sys_timer_gettime32 metadata not mapped, disabling ftrace event
[    0.093301] syscall sys_timer_gettime32 metadata not mapped, disabling ftrace event
[    0.093309] syscall sys_futex_time32 metadata not mapped, disabling ftrace event
[    0.093310] syscall sys_futex_time32 metadata not mapped, disabling ftrace event
[    0.093314] syscall sys_getegid16 metadata not mapped, disabling ftrace event
[    0.093314] syscall sys_getegid16 metadata not mapped, disabling ftrace event
[    0.093315] syscall sys_getgid16 metadata not mapped, disabling ftrace event
[    0.093315] syscall sys_getgid16 metadata not mapped, disabling ftrace event
[    0.093317] syscall sys_geteuid16 metadata not mapped, disabling ftrace event
[    0.093317] syscall sys_geteuid16 metadata not mapped, disabling ftrace event
[    0.093317] syscall sys_getuid16 metadata not mapped, disabling ftrace event
[    0.093318] syscall sys_getuid16 metadata not mapped, disabling ftrace event
[    0.093318] syscall sys_setgroups16 metadata not mapped, disabling ftrace event
[    0.093320] syscall sys_setgroups16 metadata not mapped, disabling ftrace event
[    0.093320] syscall sys_getgroups16 metadata not mapped, disabling ftrace event
[    0.093320] syscall sys_getgroups16 metadata not mapped, disabling ftrace event
[    0.093321] syscall sys_setfsgid16 metadata not mapped, disabling ftrace event
[    0.093321] syscall sys_setfsgid16 metadata not mapped, disabling ftrace event
[    0.093323] syscall sys_setfsuid16 metadata not mapped, disabling ftrace event
[    0.093323] syscall sys_setfsuid16 metadata not mapped, disabling ftrace event
[    0.093323] syscall sys_getresgid16 metadata not mapped, disabling ftrace event
[    0.093324] syscall sys_getresgid16 metadata not mapped, disabling ftrace event
[    0.093324] syscall sys_setresgid16 metadata not mapped, disabling ftrace event
[    0.093325] syscall sys_setresgid16 metadata not mapped, disabling ftrace event
[    0.093325] syscall sys_getresuid16 metadata not mapped, disabling ftrace event
[    0.093325] syscall sys_getresuid16 metadata not mapped, disabling ftrace event
[    0.093326] syscall sys_setresuid16 metadata not mapped, disabling ftrace event
[    0.093326] syscall sys_setresuid16 metadata not mapped, disabling ftrace event
[    0.093326] syscall sys_setuid16 metadata not mapped, disabling ftrace event
[    0.093327] syscall sys_setuid16 metadata not mapped, disabling ftrace event
[    0.093327] syscall sys_setreuid16 metadata not mapped, disabling ftrace event
[    0.093327] syscall sys_setreuid16 metadata not mapped, disabling ftrace event
[    0.093328] syscall sys_setgid16 metadata not mapped, disabling ftrace event
[    0.093328] syscall sys_setgid16 metadata not mapped, disabling ftrace event
[    0.093328] syscall sys_setregid16 metadata not mapped, disabling ftrace event
[    0.093328] syscall sys_setregid16 metadata not mapped, disabling ftrace event
[    0.093329] syscall sys_fchown16 metadata not mapped, disabling ftrace event
[    0.093329] syscall sys_fchown16 metadata not mapped, disabling ftrace event
[    0.093329] syscall sys_lchown16 metadata not mapped, disabling ftrace event
[    0.093330] syscall sys_lchown16 metadata not mapped, disabling ftrace event
[    0.093330] syscall sys_chown16 metadata not mapped, disabling ftrace event
[    0.093330] syscall sys_chown16 metadata not mapped, disabling ftrace event
[    0.093360] syscall sys_fadvise64_64 metadata not mapped, disabling ftrace event
[    0.093361] syscall sys_fadvise64_64 metadata not mapped, disabling ftrace event
[    0.093386] syscall sys_mmap_pgoff metadata not mapped, disabling ftrace event
[    0.093386] syscall sys_mmap_pgoff metadata not mapped, disabling ftrace event
[    0.093456] syscall sys_sendfile metadata not mapped, disabling ftrace event
[    0.093456] syscall sys_sendfile metadata not mapped, disabling ftrace event
[    0.093477] syscall sys_llseek metadata not mapped, disabling ftrace event
[    0.093477] syscall sys_llseek metadata not mapped, disabling ftrace event
[    0.093486] syscall sys_fstat metadata not mapped, disabling ftrace event
[    0.093486] syscall sys_fstat metadata not mapped, disabling ftrace event
[    0.093486] syscall sys_lstat metadata not mapped, disabling ftrace event
[    0.093487] syscall sys_lstat metadata not mapped, disabling ftrace event
[    0.093487] syscall sys_stat metadata not mapped, disabling ftrace event
[    0.093487] syscall sys_stat metadata not mapped, disabling ftrace event
[    0.093508] syscall sys_old_readdir metadata not mapped, disabling ftrace event
[    0.093508] syscall sys_old_readdir metadata not mapped, disabling ftrace event
[    0.093532] syscall sys_oldumount metadata not mapped, disabling ftrace event
[    0.093533] syscall sys_oldumount metadata not mapped, disabling ftrace event
[    0.093574] syscall sys_sync_file_range2 metadata not mapped, disabling ftrace event
[    0.093576] syscall sys_sync_file_range2 metadata not mapped, disabling ftrace event
[    0.093579] syscall sys_utimes_time32 metadata not mapped, disabling ftrace event
[    0.093579] syscall sys_utimes_time32 metadata not mapped, disabling ftrace event
[    0.093581] syscall sys_futimesat_time32 metadata not mapped, disabling ftrace event
[    0.093581] syscall sys_futimesat_time32 metadata not mapped, disabling ftrace event
[    0.093582] syscall sys_utimensat_time32 metadata not mapped, disabling ftrace event
[    0.093582] syscall sys_utimensat_time32 metadata not mapped, disabling ftrace event
[    0.093582] syscall sys_utime32 metadata not mapped, disabling ftrace event
[    0.093583] syscall sys_utime32 metadata not mapped, disabling ftrace event
[    0.093588] syscall sys_fstatfs64 metadata not mapped, disabling ftrace event
[    0.093589] syscall sys_fstatfs64 metadata not mapped, disabling ftrace event
[    0.093590] syscall sys_statfs64 metadata not mapped, disabling ftrace event
[    0.093590] syscall sys_statfs64 metadata not mapped, disabling ftrace event
[    0.093596] syscall sys_bdflush metadata not mapped, disabling ftrace event
[    0.093596] syscall sys_bdflush metadata not mapped, disabling ftrace event
[    0.093609] syscall sys_timerfd_gettime32 metadata not mapped, disabling ftrace event
[    0.093610] syscall sys_timerfd_gettime32 metadata not mapped, disabling ftrace event
[    0.093610] syscall sys_timerfd_settime32 metadata not mapped, disabling ftrace event
[    0.093610] syscall sys_timerfd_settime32 metadata not mapped, disabling ftrace event
[    0.093622] syscall sys_io_getevents_time32 metadata not mapped, disabling ftrace event
[    0.093623] syscall sys_io_getevents_time32 metadata not mapped, disabling ftrace event
[    0.093695] syscall sys_semtimedop_time32 metadata not mapped, disabling ftrace event
[    0.093696] syscall sys_semtimedop_time32 metadata not mapped, disabling ftrace event
[    0.093710] syscall sys_mq_timedreceive_time32 metadata not mapped, disabling ftrace event
[    0.093711] syscall sys_mq_timedreceive_time32 metadata not mapped, disabling ftrace event
[    0.093711] syscall sys_mq_timedsend_time32 metadata not mapped, disabling ftrace event
[    0.093711] syscall sys_mq_timedsend_time32 metadata not mapped, disabling ftrace event
[    0.093788] syscall sys_socketcall metadata not mapped, disabling ftrace event
[    0.093788] syscall sys_socketcall metadata not mapped, disabling ftrace event
[    0.093788] syscall sys_recvmmsg_time32 metadata not mapped, disabling ftrace event
[    0.093789] syscall sys_recvmmsg_time32 metadata not mapped, disabling ftrace event
[    0.093799] syscall sys_recv metadata not mapped, disabling ftrace event
[    0.093800] syscall sys_recv metadata not mapped, disabling ftrace event
[    0.093802] syscall sys_send metadata not mapped, disabling ftrace event
[    0.093802] syscall sys_send metadata not mapped, disabling ftrace event
[    0.094759] NR_IRQS: 524544, nr_irqs: 256, preallocated irqs: 16
[    0.094782] irq: Added domain VECTOR
[    0.094782] irq: Default domain set to @0x(____ptrval____)
[    0.094891] set_pte_vaddr fffffe0000000000 to 800800004cad7161
[    0.094893] spp_getpage (____ptrval____)
[    0.094895] spp_getpage (____ptrval____)
[    0.094958] Console: colour dummy device 80x25
[    0.151079] printk: console [ttyS0] enabled
[    0.156604] Memory Encryption Features active:AMD  SEV
[    0.157056] mempolicy: setting mode 3 flags 0 nodes[0] 1
[    0.157068] ACPI: Core revision 20200925
[    0.157455] APIC: Switch to symmetric I/O mode setup
[    0.158013] try_to_enable_x2apic: remap_mode: -38
[    0.158428] x2apic enabled
[    0.158801] Switched APIC routing to physical x2apic.
[    0.159229] kvm-guest: setup PV IPIs
[    0.160105] irq: Added domain IO-APIC-0
[    0.160138] clocksource: tsc-early: mask: 0xffffffffffffffff max_cycles: 0x24b01597403, max_idle_ns: 440795313139 ns
[    0.160999] Calibrating delay loop (skipped) preset value.. 5090.43 BogoMIPS (lpj=2545218)
[    0.161690] pid_max: default: 32768 minimum: 301
[    0.161997] LSM: Security Framework initializing
[    0.161997] SELinux:  Initializing.
[    0.161997] SELinux:  Starting in permissive mode
[    0.161997] Mount-cache hash table entries: 4096 (order: 3, 32768 bytes, linear)
[    0.161997] Mountpoint-cache hash table entries: 4096 (order: 3, 32768 bytes, linear)
[    0.161997] kobject: 'fs' ((____ptrval____)): kobject_add_internal: parent: '<NULL>', set: '<NULL>'
[    0.161997] cgroup: Initializing cgroup subsys io
[    0.161997] cgroup: Initializing cgroup subsys memory
[    0.161997] cgroup: Initializing cgroup subsys devices
[    0.161997] cgroup: Initializing cgroup subsys freezer
[    0.161997] cgroup: Initializing cgroup subsys net_cls
[    0.161997] cgroup: Initializing cgroup subsys perf_event
[    0.161997] cgroup: Initializing cgroup subsys net_prio
[    0.161997] cgroup: Initializing cgroup subsys hugetlb
[    0.161997] cgroup: Initializing cgroup subsys pids
[    0.161997] cgroup: Initializing cgroup subsys ioasids
[    0.161997] cgroup: Initializing cgroup subsys rdma
[    0.161997] x86/cpu: User Mode Instruction Prevention (UMIP) activated
[    0.161997] Last level iTLB entries: 4KB 512, 2MB 512, 4MB 256
[    0.161997] Last level dTLB entries: 4KB 2048, 2MB 2048, 4MB 1024, 1GB 0
[    0.161997] Spectre V1 : Mitigation: usercopy/swapgs barriers and __user pointer sanitization
[    0.161997] Spectre V2 : Mitigation: Retpolines
[    0.161997] Spectre V2 : Spectre v2 / SpectreRSB mitigation: Filling RSB on context switch
[    0.161997] Spectre V2 : Spectre v2 / SpectreRSB : Filling RSB on VMEXIT
[    0.161997] Spectre V2 : Enabling Restricted Speculation for firmware calls
[    0.161997] Spectre V2 : mitigation: Enabling conditional Indirect Branch Prediction Barrier
[    0.161997] Speculative Store Bypass: Mitigation: Speculative Store Bypass disabled via prctl and seccomp
[    0.161997] Freeing SMP alternatives memory: 40K
[    0.161997] ACPI Warning: AcpiEnable failed (20200925/utxfinit-135)
[    0.161997] ACPI: Unable to enable ACPI
[    0.161997] mempolicy: setting mode 0 flags 0 nodes[0] ffffffffffffffff
[    0.161997] smpboot: CPU0: AMD EPYC (family: 0x19, model: 0x1, stepping: 0x1)
[    0.161997] Performance Events: Fam17h+ core perfctr, AMD PMU driver.
[    0.162004] ... version:                0
[    0.162342] ... bit width:              48
[    0.162679] ... generic registers:      6
[    0.163000] ... value mask:             0000ffffffffffff
[    0.163452] ... max period:             00007fffffffffff
[    0.163887] ... fixed-purpose events:   0
[    0.163999] ... event mask:             000000000000003f
[    0.164561] rcu: Hierarchical SRCU implementation.
[    0.165544] doing dyndbg params, parsing ARGS: 'console=ttyS0 root=/dev/vda1 virtio_mmio.device=8K@0xc0000000:5 virtio_mmio.device=8K@0xc0002000:5'
[    0.165545] doing dyndbg params: console='ttyS0'
[    0.165546] doing dyndbg params: root='/dev/vda1'
[    0.165546] doing dyndbg params: virtio_mmio.device='8K@0xc0000000:5'
[    0.165547] doing dyndbg params: virtio_mmio.device='8K@0xc0002000:5'
[    0.165592] smp: Bringing up secondary CPUs ...
[    0.165987] smp: Brought up 1 node, 1 CPU
[    0.166001] smpboot: Boot done
[    0.166002] smpboot: Max logical packages: 1
[    0.166368] smpboot: Before bogomips
[    0.166369] smpboot: Total of 1 processors activated (5090.43 BogoMIPS)
[    0.166920] smpboot: Before bogocount - setting activated=1
[    0.169668] devtmpfs: initialized
[    0.169949] kobject: 'devices' (000000003268c17b): kobject_add_internal: parent: '<NULL>', set: '<NULL>'
[    0.169955] kobject: 'devices' (000000003268c17b): kobject_uevent_env
[    0.169956] kobject: 'devices' (000000003268c17b): kobject_uevent_env: attempted to send uevent without kset!
[    0.169957] kobject: 'dev' (0000000026526ea4): kobject_add_internal: parent: '<NULL>', set: '<NULL>'
[    0.169959] kobject: 'block' (00000000bc28dc6a): kobject_add_internal: parent: 'dev', set: '<NULL>'
[    0.169961] kobject: 'char' (00000000a45d9de4): kobject_add_internal: parent: 'dev', set: '<NULL>'
[    0.169962] kobject: 'bus' (00000000bb0b5807): kobject_add_internal: parent: '<NULL>', set: '<NULL>'
[    0.169972] kobject: 'bus' (00000000bb0b5807): kobject_uevent_env
[    0.169972] kobject: 'bus' (00000000bb0b5807): kobject_uevent_env: attempted to send uevent without kset!
[    0.169981] kobject: 'system' (00000000afa04806): kobject_add_internal: parent: 'devices', set: '<NULL>'
[    0.169982] kobject: 'system' (00000000afa04806): kobject_uevent_env
[    0.169983] kobject: 'system' (00000000afa04806): kobject_uevent_env: attempted to send uevent without kset!
[    0.169985] kobject: 'class' (00000000ff4803d5): kobject_add_internal: parent: '<NULL>', set: '<NULL>'
[    0.169986] kobject: 'class' (00000000ff4803d5): kobject_uevent_env
[    0.169987] kobject: 'class' (00000000ff4803d5): kobject_uevent_env: attempted to send uevent without kset!
[    0.169988] kobject: 'firmware' (00000000d21cbfb0): kobject_add_internal: parent: '<NULL>', set: '<NULL>'
[    0.169989] kobject: 'hypervisor' (0000000069e66fc8): kobject_add_internal: parent: '<NULL>', set: '<NULL>'
[    0.169995] device: 'platform': device_add
[    0.169996] kobject: 'platform' (00000000daeaabc1): kobject_add_internal: parent: 'devices', set: 'devices'
[    0.170008] PM: Adding info for No Bus:platform
[    0.170009] kobject: 'platform' (00000000daeaabc1): kobject_uevent_env
[    0.170010] kobject: 'platform' (00000000daeaabc1): kobject_uevent_env: filter function caused the event to drop!
[    0.170012] kobject: 'platform' (00000000545a97ee): kobject_add_internal: parent: 'bus', set: 'bus'
[    0.170013] kobject: 'platform' (00000000545a97ee): kobject_uevent_env
[    0.170014] kobject: 'platform' (00000000545a97ee): fill_kobj_path: path = '/bus/platform'
[    0.170016] kobject: 'devices' (00000000fd910320): kobject_add_internal: parent: 'platform', set: '<NULL>'
[    0.170017] kobject: 'devices' (00000000fd910320): kobject_uevent_env
[    0.170017] kobject: 'devices' (00000000fd910320): kobject_uevent_env: filter function caused the event to drop!
[    0.170018] kobject: 'drivers' (000000003577d821): kobject_add_internal: parent: 'platform', set: '<NULL>'
[    0.170018] kobject: 'drivers' (000000003577d821): kobject_uevent_env
[    0.170019] kobject: 'drivers' (000000003577d821): kobject_uevent_env: filter function caused the event to drop!
[    0.170020] bus: 'platform': registered
[    0.170021] kobject: 'auxiliary' (0000000077947c1c): kobject_add_internal: parent: 'bus', set: 'bus'
[    0.170021] kobject: 'auxiliary' (0000000077947c1c): kobject_uevent_env
[    0.170023] kobject: 'auxiliary' (0000000077947c1c): fill_kobj_path: path = '/bus/auxiliary'
[    0.170025] kobject: 'devices' (0000000009a57d5b): kobject_add_internal: parent: 'auxiliary', set: '<NULL>'
[    0.170025] kobject: 'devices' (0000000009a57d5b): kobject_uevent_env
[    0.170026] kobject: 'devices' (0000000009a57d5b): kobject_uevent_env: filter function caused the event to drop!
[    0.170026] kobject: 'drivers' (000000008c2d9d71): kobject_add_internal: parent: 'auxiliary', set: '<NULL>'
[    0.170027] kobject: 'drivers' (000000008c2d9d71): kobject_uevent_env
[    0.170027] kobject: 'drivers' (000000008c2d9d71): kobject_uevent_env: filter function caused the event to drop!
[    0.170028] bus: 'auxiliary': registered
[    0.170031] kobject: 'cpu' (000000008f7fe5ef): kobject_add_internal: parent: 'bus', set: 'bus'
[    0.170032] kobject: 'cpu' (000000008f7fe5ef): kobject_uevent_env
[    0.170033] kobject: 'cpu' (000000008f7fe5ef): fill_kobj_path: path = '/bus/cpu'
[    0.170033] kobject: 'devices' (00000000261848a3): kobject_add_internal: parent: 'cpu', set: '<NULL>'
[    0.170034] kobject: 'devices' (00000000261848a3): kobject_uevent_env
[    0.170034] kobject: 'devices' (00000000261848a3): kobject_uevent_env: filter function caused the event to drop!
[    0.170035] kobject: 'drivers' (00000000e7a2e8e0): kobject_add_internal: parent: 'cpu', set: '<NULL>'
[    0.170036] kobject: 'drivers' (00000000e7a2e8e0): kobject_uevent_env
[    0.170036] kobject: 'drivers' (00000000e7a2e8e0): kobject_uevent_env: filter function caused the event to drop!
[    0.170037] bus: 'cpu': registered
[    0.170037] device: 'cpu': device_add
[    0.170038] kobject: 'cpu' (00000000941b13da): kobject_add_internal: parent: 'system', set: 'devices'
[    0.170051] PM: Adding info for No Bus:cpu
[    0.170052] kobject: 'cpu' (00000000941b13da): kobject_uevent_env
[    0.170052] kobject: 'cpu' (00000000941b13da): kobject_uevent_env: filter function caused the event to drop!
[    0.170057] x86/mm: Memory block size: 128MB
[    0.170412] kobject: 'memory' (00000000b6143072): kobject_add_internal: parent: 'bus', set: 'bus'
[    0.170413] kobject: 'memory' (00000000b6143072): kobject_uevent_env
[    0.170413] kobject: 'memory' (00000000b6143072): fill_kobj_path: path = '/bus/memory'
[    0.170416] kobject: 'devices' (0000000062664112): kobject_add_internal: parent: 'memory', set: '<NULL>'
[    0.170417] kobject: 'devices' (0000000062664112): kobject_uevent_env
[    0.170417] kobject: 'devices' (0000000062664112): kobject_uevent_env: filter function caused the event to drop!
[    0.170418] kobject: 'drivers' (00000000850b854b): kobject_add_internal: parent: 'memory', set: '<NULL>'
[    0.170419] kobject: 'drivers' (00000000850b854b): kobject_uevent_env
[    0.170419] kobject: 'drivers' (00000000850b854b): kobject_uevent_env: filter function caused the event to drop!
[    0.170427] bus: 'memory': registered
[    0.170428] device: 'memory': device_add
[    0.170429] kobject: 'memory' (000000000a61a0f3): kobject_add_internal: parent: 'system', set: 'devices'
[    0.170433] PM: Adding info for No Bus:memory
[    0.170433] kobject: 'memory' (000000000a61a0f3): kobject_uevent_env
[    0.170434] kobject: 'memory' (000000000a61a0f3): kobject_uevent_env: filter function caused the event to drop!
[    0.170436] device: 'memory0': device_add
[    0.170436] kobject: 'memory0' (00000000bdfd34b9): kobject_add_internal: parent: 'memory', set: 'devices'
[    0.170439] bus: 'memory': add device memory0
[    0.170441] PM: Adding info for memory:memory0
[    0.170442] kobject: 'memory0' (00000000bdfd34b9): kobject_uevent_env
[    0.170443] kobject: 'memory0' (00000000bdfd34b9): fill_kobj_path: path = '/devices/system/memory/memory0'
[    0.170446] device: 'memory1': device_add
[    0.170448] kobject: 'memory1' (00000000cd7adf36): kobject_add_internal: parent: 'memory', set: 'devices'
[    0.170457] bus: 'memory': add device memory1
[    0.170459] PM: Adding info for memory:memory1
[    0.170459] kobject: 'memory1' (00000000cd7adf36): kobject_uevent_env
[    0.170460] kobject: 'memory1' (00000000cd7adf36): fill_kobj_path: path = '/devices/system/memory/memory1'
[    0.170474] device: 'memory2': device_add
[    0.170475] kobject: 'memory2' (000000002fc23a87): kobject_add_internal: parent: 'memory', set: 'devices'
[    0.170477] bus: 'memory': add device memory2
[    0.170479] PM: Adding info for memory:memory2
[    0.170479] kobject: 'memory2' (000000002fc23a87): kobject_uevent_env
[    0.170480] kobject: 'memory2' (000000002fc23a87): fill_kobj_path: path = '/devices/system/memory/memory2'
[    0.170481] device: 'memory3': device_add
[    0.170482] kobject: 'memory3' (0000000041754293): kobject_add_internal: parent: 'memory', set: 'devices'
[    0.170491] bus: 'memory': add device memory3
[    0.170492] PM: Adding info for memory:memory3
[    0.170493] kobject: 'memory3' (0000000041754293): kobject_uevent_env
[    0.170493] kobject: 'memory3' (0000000041754293): fill_kobj_path: path = '/devices/system/memory/memory3'
[    0.170494] device: 'memory4': device_add
[    0.170495] kobject: 'memory4' (00000000f9214014): kobject_add_internal: parent: 'memory', set: 'devices'
[    0.170497] bus: 'memory': add device memory4
[    0.170498] PM: Adding info for memory:memory4
[    0.170499] kobject: 'memory4' (00000000f9214014): kobject_uevent_env
[    0.170499] kobject: 'memory4' (00000000f9214014): fill_kobj_path: path = '/devices/system/memory/memory4'
[    0.170500] device: 'memory5': device_add
[    0.170501] kobject: 'memory5' (00000000b0e204bd): kobject_add_internal: parent: 'memory', set: 'devices'
[    0.170510] bus: 'memory': add device memory5
[    0.170511] PM: Adding info for memory:memory5
[    0.170512] kobject: 'memory5' (00000000b0e204bd): kobject_uevent_env
[    0.170513] kobject: 'memory5' (00000000b0e204bd): fill_kobj_path: path = '/devices/system/memory/memory5'
[    0.170514] device: 'memory6': device_add
[    0.170514] kobject: 'memory6' (000000005a3c3426): kobject_add_internal: parent: 'memory', set: 'devices'
[    0.170516] bus: 'memory': add device memory6
[    0.170518] PM: Adding info for memory:memory6
[    0.170518] kobject: 'memory6' (000000005a3c3426): kobject_uevent_env
[    0.170519] kobject: 'memory6' (000000005a3c3426): fill_kobj_path: path = '/devices/system/memory/memory6'
[    0.170520] device: 'memory7': device_add
[    0.170520] kobject: 'memory7' (000000001d7bfad2): kobject_add_internal: parent: 'memory', set: 'devices'
[    0.170529] bus: 'memory': add device memory7
[    0.170532] PM: Adding info for memory:memory7
[    0.170532] kobject: 'memory7' (000000001d7bfad2): kobject_uevent_env
[    0.170533] kobject: 'memory7' (000000001d7bfad2): fill_kobj_path: path = '/devices/system/memory/memory7'
[    0.170534] device: 'memory8': device_add
[    0.170535] kobject: 'memory8' (00000000dd18b480): kobject_add_internal: parent: 'memory', set: 'devices'
[    0.170536] bus: 'memory': add device memory8
[    0.170538] PM: Adding info for memory:memory8
[    0.170538] kobject: 'memory8' (00000000dd18b480): kobject_uevent_env
[    0.170539] kobject: 'memory8' (00000000dd18b480): fill_kobj_path: path = '/devices/system/memory/memory8'
[    0.170541] device: 'memory9': device_add
[    0.170542] kobject: 'memory9' (000000007da335be): kobject_add_internal: parent: 'memory', set: 'devices'
[    0.170551] bus: 'memory': add device memory9
[    0.170552] PM: Adding info for memory:memory9
[    0.170553] kobject: 'memory9' (000000007da335be): kobject_uevent_env
[    0.170554] kobject: 'memory9' (000000007da335be): fill_kobj_path: path = '/devices/system/memory/memory9'
[    0.170573] device: 'memory10': device_add
[    0.170574] kobject: 'memory10' (00000000a76df9e0): kobject_add_internal: parent: 'memory', set: 'devices'
[    0.170576] bus: 'memory': add device memory10
[    0.170578] PM: Adding info for memory:memory10
[    0.170578] kobject: 'memory10' (00000000a76df9e0): kobject_uevent_env
[    0.170579] kobject: 'memory10' (00000000a76df9e0): fill_kobj_path: path = '/devices/system/memory/memory10'
[    0.170581] device: 'memory11': device_add
[    0.170581] kobject: 'memory11' (000000000cd426fb): kobject_add_internal: parent: 'memory', set: 'devices'
[    0.170590] bus: 'memory': add device memory11
[    0.170592] PM: Adding info for memory:memory11
[    0.170592] kobject: 'memory11' (000000000cd426fb): kobject_uevent_env
[    0.170593] kobject: 'memory11' (000000000cd426fb): fill_kobj_path: path = '/devices/system/memory/memory11'
[    0.170594] device: 'memory12': device_add
[    0.170595] kobject: 'memory12' (0000000008db607f): kobject_add_internal: parent: 'memory', set: 'devices'
[    0.170596] bus: 'memory': add device memory12
[    0.170598] PM: Adding info for memory:memory12
[    0.170598] kobject: 'memory12' (0000000008db607f): kobject_uevent_env
[    0.170599] kobject: 'memory12' (0000000008db607f): fill_kobj_path: path = '/devices/system/memory/memory12'
[    0.170600] device: 'memory13': device_add
[    0.170601] kobject: 'memory13' (0000000011695a74): kobject_add_internal: parent: 'memory', set: 'devices'
[    0.170609] bus: 'memory': add device memory13
[    0.170611] PM: Adding info for memory:memory13
[    0.170611] kobject: 'memory13' (0000000011695a74): kobject_uevent_env
[    0.170612] kobject: 'memory13' (0000000011695a74): fill_kobj_path: path = '/devices/system/memory/memory13'
[    0.170613] device: 'memory14': device_add
[    0.170614] kobject: 'memory14' (00000000be2530a5): kobject_add_internal: parent: 'memory', set: 'devices'
[    0.170615] bus: 'memory': add device memory14
[    0.170617] PM: Adding info for memory:memory14
[    0.170617] kobject: 'memory14' (00000000be2530a5): kobject_uevent_env
[    0.170618] kobject: 'memory14' (00000000be2530a5): fill_kobj_path: path = '/devices/system/memory/memory14'
[    0.170620] device: 'memory15': device_add
[    0.170620] kobject: 'memory15' (00000000e183544e): kobject_add_internal: parent: 'memory', set: 'devices'
[    0.170629] bus: 'memory': add device memory15
[    0.170630] PM: Adding info for memory:memory15
[    0.170631] kobject: 'memory15' (00000000e183544e): kobject_uevent_env
[    0.170632] kobject: 'memory15' (00000000e183544e): fill_kobj_path: path = '/devices/system/memory/memory15'
[    0.170633] kobject: 'container' (00000000b4c6d483): kobject_add_internal: parent: 'bus', set: 'bus'
[    0.170634] kobject: 'container' (00000000b4c6d483): kobject_uevent_env
[    0.170634] kobject: 'container' (00000000b4c6d483): fill_kobj_path: path = '/bus/container'
[    0.170635] kobject: 'devices' (00000000257e8d4e): kobject_add_internal: parent: 'container', set: '<NULL>'
[    0.170636] kobject: 'devices' (00000000257e8d4e): kobject_uevent_env
[    0.170638] kobject: 'devices' (00000000257e8d4e): kobject_uevent_env: filter function caused the event to drop!
[    0.170640] kobject: 'drivers' (00000000999bbe53): kobject_add_internal: parent: 'container', set: '<NULL>'
[    0.170640] kobject: 'drivers' (00000000999bbe53): kobject_uevent_env
[    0.170641] kobject: 'drivers' (00000000999bbe53): kobject_uevent_env: filter function caused the event to drop!
[    0.170642] bus: 'container': registered
[    0.170651] device: 'container': device_add
[    0.170651] kobject: 'container' (000000000ce1986f): kobject_add_internal: parent: 'system', set: 'devices'
[    0.170653] PM: Adding info for No Bus:container
[    0.170653] kobject: 'container' (000000000ce1986f): kobject_uevent_env
[    0.170654] kobject: 'container' (000000000ce1986f): kobject_uevent_env: filter function caused the event to drop!
[    0.170743] doing pure, parsing ARGS: 'console=ttyS0 root=/dev/vda1 virtio_mmio.device=8K@0xc0000000:5 virtio_mmio.device=8K@0xc0002000:5'
[    0.170833] doing pure: console='ttyS0'
[    0.170835] doing pure: root='/dev/vda1'
[    0.170937] doing core, parsing ARGS: 'console=ttyS0 root=/dev/vda1 virtio_mmio.device=8K@0xc0000000:5 virtio_mmio.device=8K@0xc0002000:5'
[    0.170940] doing core: console='ttyS0'
[    0.170942] doing core: root='/dev/vda1'
[    0.170950] PM: Registering ACPI NVS region [mem 0x7fefe000-0x7fffffff] (1056768 bytes)
[    0.171050] kobject: 'virtual' (00000000e027ba39): kobject_add_internal: parent: 'devices', set: '<NULL>'
[    0.171051] kobject: 'workqueue' (00000000b960300e): kobject_add_internal: parent: 'bus', set: 'bus'
[    0.171052] kobject: 'workqueue' (00000000b960300e): kobject_uevent_env
[    0.171053] kobject: 'workqueue' (00000000b960300e): fill_kobj_path: path = '/bus/workqueue'
[    0.171055] kobject: 'devices' (00000000b183e14f): kobject_add_internal: parent: 'workqueue', set: '<NULL>'
[    0.171055] kobject: 'devices' (00000000b183e14f): kobject_uevent_env
[    0.171056] kobject: 'devices' (00000000b183e14f): kobject_uevent_env: filter function caused the event to drop!
[    0.171056] kobject: 'drivers' (000000002239bd24): kobject_add_internal: parent: 'workqueue', set: '<NULL>'
[    0.171057] kobject: 'drivers' (000000002239bd24): kobject_uevent_env
[    0.171058] kobject: 'drivers' (000000002239bd24): kobject_uevent_env: filter function caused the event to drop!
[    0.171066] bus: 'workqueue': registered
[    0.171066] device: 'workqueue': device_add
[    0.171067] kobject: 'workqueue' (00000000e8c1fe62): kobject_add_internal: parent: 'virtual', set: 'devices'
[    0.171069] PM: Adding info for No Bus:workqueue
[    0.171070] kobject: 'workqueue' (00000000e8c1fe62): kobject_uevent_env
[    0.171070] kobject: 'workqueue' (00000000e8c1fe62): kobject_uevent_env: filter function caused the event to drop!
[    0.171073] kobject: 'kernel' (0000000026b32461): kobject_add_internal: parent: '<NULL>', set: '<NULL>'
[    0.171081] kobject: 'power' (00000000641d8820): kobject_add_internal: parent: '<NULL>', set: '<NULL>'
[    0.171107] clocksource: jiffies: mask: 0xffffffff max_cycles: 0xffffffff, max_idle_ns: 1911260446275000 ns
[    0.171869] futex hash table entries: 256 (order: 2, 16384 bytes, linear)
[    0.172062] securityfs: creating file 'lsm'
[    0.172076] pinctrl core: initialized pinctrl subsystem
[    0.172492] debugfs: creating file 'pinctrl'
[    0.172499] debugfs: creating file 'pinctrl-devices'
[    0.172502] debugfs: creating file 'pinctrl-maps'
[    0.172506] debugfs: creating file 'pinctrl-handles'
[    0.172509] kobject: 'gpio' (00000000c2ee7e33): kobject_add_internal: parent: 'bus', set: 'bus'
[    0.172510] kobject: 'gpio' (00000000c2ee7e33): kobject_uevent_env
[    0.172511] kobject: 'gpio' (00000000c2ee7e33): fill_kobj_path: path = '/bus/gpio'
[    0.172514] kobject: 'devices' (00000000dce08e6c): kobject_add_internal: parent: 'gpio', set: '<NULL>'
[    0.172515] kobject: 'devices' (00000000dce08e6c): kobject_uevent_env
[    0.172516] kobject: 'devices' (00000000dce08e6c): kobject_uevent_env: filter function caused the event to drop!
[    0.172516] kobject: 'drivers' (0000000061ac2850): kobject_add_internal: parent: 'gpio', set: '<NULL>'
[    0.172517] kobject: 'drivers' (0000000061ac2850): kobject_uevent_env
[    0.172517] kobject: 'drivers' (0000000061ac2850): kobject_uevent_env: filter function caused the event to drop!
[    0.172518] bus: 'gpio': registered
[    0.172522] kobject: 'virtio' (00000000301192c2): kobject_add_internal: parent: 'bus', set: 'bus'
[    0.172523] kobject: 'virtio' (00000000301192c2): kobject_uevent_env
[    0.172524] kobject: 'virtio' (00000000301192c2): fill_kobj_path: path = '/bus/virtio'
[    0.172525] kobject: 'devices' (0000000012ec3e87): kobject_add_internal: parent: 'virtio', set: '<NULL>'
[    0.172534] kobject: 'devices' (0000000012ec3e87): kobject_uevent_env
[    0.172535] kobject: 'devices' (0000000012ec3e87): kobject_uevent_env: filter function caused the event to drop!
[    0.172535] kobject: 'drivers' (000000003a44ec0b): kobject_add_internal: parent: 'virtio', set: '<NULL>'
[    0.172536] kobject: 'drivers' (000000003a44ec0b): kobject_uevent_env
[    0.172537] kobject: 'drivers' (000000003a44ec0b): kobject_uevent_env: filter function caused the event to drop!
[    0.172537] bus: 'virtio': registered
[    0.172540] kobject: 'iommu_groups' (00000000997f693f): kobject_add_internal: parent: 'kernel', set: '<NULL>'
[    0.172540] kobject: 'iommu_groups' (00000000997f693f): kobject_uevent_env
[    0.172541] kobject: 'iommu_groups' (00000000997f693f): kobject_uevent_env: attempted to send uevent without kset!
[    0.172543] debugfs: creating file 'device_component'
[    0.172546] kobject: 'cpufreq' (00000000abda0d3b): kobject_add_internal: parent: 'cpu', set: '<NULL>'
[    0.172901] NET: Registered protocol family 16
[    0.173022] doing postcore, parsing ARGS: 'console=ttyS0 root=/dev/vda1 virtio_mmio.device=8K@0xc0000000:5 virtio_mmio.device=8K@0xc0002000:5'
[    0.173026] doing postcore: console='ttyS0'
[    0.173028] doing postcore: root='/dev/vda1'
[    0.173033] kobject: 'irq' (00000000046c2f94): kobject_add_internal: parent: 'kernel', set: '<NULL>'
[    0.173034] kobject: '0' (0000000054e92468): kobject_add_internal: parent: 'irq', set: '<NULL>'
[    0.173037] kobject: '1' (00000000c94d3eb9): kobject_add_internal: parent: 'irq', set: '<NULL>'
[    0.173039] kobject: '2' (000000007ec8538a): kobject_add_internal: parent: 'irq', set: '<NULL>'
[    0.173049] kobject: '3' (00000000f62182f2): kobject_add_internal: parent: 'irq', set: '<NULL>'
[    0.173050] kobject: '4' (0000000017137a25): kobject_add_internal: parent: 'irq', set: '<NULL>'
[    0.173052] kobject: '5' (0000000095cba37f): kobject_add_internal: parent: 'irq', set: '<NULL>'
[    0.173054] kobject: '6' (00000000ee804b34): kobject_add_internal: parent: 'irq', set: '<NULL>'
[    0.173062] kobject: '7' (00000000942a4c95): kobject_add_internal: parent: 'irq', set: '<NULL>'
[    0.173064] kobject: '8' (00000000ea3295f6): kobject_add_internal: parent: 'irq', set: '<NULL>'
[    0.173066] kobject: '9' (0000000051620687): kobject_add_internal: parent: 'irq', set: '<NULL>'
[    0.173067] kobject: '10' (00000000844c5d00): kobject_add_internal: parent: 'irq', set: '<NULL>'
[    0.173076] kobject: '11' (0000000048009a2b): kobject_add_internal: parent: 'irq', set: '<NULL>'
[    0.173078] kobject: '12' (00000000a32df53f): kobject_add_internal: parent: 'irq', set: '<NULL>'
[    0.173080] kobject: '13' (000000002ab9ef0b): kobject_add_internal: parent: 'irq', set: '<NULL>'
[    0.173081] kobject: '14' (00000000be01513b): kobject_add_internal: parent: 'irq', set: '<NULL>'
[    0.173090] kobject: '15' (00000000c794ec7f): kobject_add_internal: parent: 'irq', set: '<NULL>'
[    0.173193] DMA: preallocated 256 KiB GFP_KERNEL pool for atomic allocations
[    0.173843] DMA: preallocated 256 KiB GFP_KERNEL|GFP_DMA pool for atomic allocations
[    0.174093] DMA: preallocated 256 KiB GFP_KERNEL|GFP_DMA32 pool for atomic allocations
[    0.174699] debugfs: creating file 'dma_pools'
[    0.174705] debugfs: creating file 'pool_size_dma'
[    0.174708] debugfs: creating file 'pool_size_dma32'
[    0.174720] debugfs: creating file 'pool_size_kernel'
[    0.174724] audit: initializing netlink subsys (disabled)
[    0.175051] device class 'bdi': registering
[    0.175052] kobject: 'bdi' (00000000195c720e): kobject_add_internal: parent: 'class', set: 'class'
[    0.175053] kobject: 'bdi' (00000000195c720e): kobject_uevent_env
[    0.175054] kobject: 'bdi' (00000000195c720e): fill_kobj_path: path = '/class/bdi'
[    0.175055] debugfs: creating file 'bdi'
[    0.175067] kobject: 'mm' (00000000dccc269f): kobject_add_internal: parent: 'kernel', set: '<NULL>'
[    0.175074] bus: 'platform': add driver ramoops
[    0.175082] kobject: 'ramoops' (00000000fc8e7b43): kobject_add_internal: parent: 'drivers', set: 'drivers'
[    0.175084] kobject: 'ramoops' (00000000fc8e7b43): kobject_uevent_env
[    0.175085] kobject: 'ramoops' (00000000fc8e7b43): fill_kobj_path: path = '/bus/platform/drivers/ramoops'
[    0.175088] device class 'gpio': registering
[    0.175088] kobject: 'gpio' (0000000067ce965f): kobject_add_internal: parent: 'class', set: 'class'
[    0.175089] kobject: 'gpio' (0000000067ce965f): kobject_uevent_env
[    0.175090] kobject: 'gpio' (0000000067ce965f): fill_kobj_path: path = '/class/gpio'
[    0.175096] device class 'pci_bus': registering
[    0.175097] kobject: 'pci_bus' (00000000cf2d97cd): kobject_add_internal: parent: 'class', set: 'class'
[    0.175098] kobject: 'pci_bus' (00000000cf2d97cd): kobject_uevent_env
[    0.175098] kobject: 'pci_bus' (00000000cf2d97cd): fill_kobj_path: path = '/class/pci_bus'
[    0.175099] kobject: 'pci' (00000000738ca713): kobject_add_internal: parent: 'bus', set: 'bus'
[    0.175100] kobject: 'pci' (00000000738ca713): kobject_uevent_env
[    0.175101] kobject: 'pci' (00000000738ca713): fill_kobj_path: path = '/bus/pci'
[    0.175102] kobject: 'devices' (00000000bc653a3c): kobject_add_internal: parent: 'pci', set: '<NULL>'
[    0.175103] kobject: 'devices' (00000000bc653a3c): kobject_uevent_env
[    0.175103] kobject: 'devices' (00000000bc653a3c): kobject_uevent_env: filter function caused the event to drop!
[    0.175104] kobject: 'drivers' (000000008a6e4529): kobject_add_internal: parent: 'pci', set: '<NULL>'
[    0.175105] kobject: 'drivers' (000000008a6e4529): kobject_uevent_env
[    0.175105] kobject: 'drivers' (000000008a6e4529): kobject_uevent_env: filter function caused the event to drop!
[    0.175109] bus: 'pci': registered
[    0.175110] kobject: 'pci_express' (000000007c83272c): kobject_add_internal: parent: 'bus', set: 'bus'
[    0.175110] kobject: 'pci_express' (000000007c83272c): kobject_uevent_env
[    0.175111] kobject: 'pci_express' (000000007c83272c): fill_kobj_path: path = '/bus/pci_express'
[    0.175112] kobject: 'devices' (0000000076266a87): kobject_add_internal: parent: 'pci_express', set: '<NULL>'
[    0.175113] kobject: 'devices' (0000000076266a87): kobject_uevent_env
[    0.175113] kobject: 'devices' (0000000076266a87): kobject_uevent_env: filter function caused the event to drop!
[    0.175114] kobject: 'drivers' (000000000fe12e00): kobject_add_internal: parent: 'pci_express', set: '<NULL>'
[    0.175121] kobject: 'drivers' (000000000fe12e00): kobject_uevent_env
[    0.175122] kobject: 'drivers' (000000000fe12e00): kobject_uevent_env: filter function caused the event to drop!
[    0.175123] bus: 'pci_express': registered
[    0.175123] device class 'backlight': registering
[    0.175124] kobject: 'backlight' (000000002ae02ef1): kobject_add_internal: parent: 'class', set: 'class'
[    0.175125] kobject: 'backlight' (000000002ae02ef1): kobject_uevent_env
[    0.175125] kobject: 'backlight' (000000002ae02ef1): fill_kobj_path: path = '/class/backlight'
[    0.175129] device class 'tty': registering
[    0.175130] kobject: 'tty' (00000000eb53647a): kobject_add_internal: parent: 'class', set: 'class'
[    0.175130] kobject: 'tty' (00000000eb53647a): kobject_uevent_env
[    0.175131] kobject: 'tty' (00000000eb53647a): fill_kobj_path: path = '/class/tty'
[    0.175132] device class 'vtconsole': registering
[    0.175141] kobject: 'vtconsole' (0000000089aeea2f): kobject_add_internal: parent: 'class', set: 'class'
[    0.175141] kobject: 'vtconsole' (0000000089aeea2f): kobject_uevent_env
[    0.175142] kobject: 'vtconsole' (0000000089aeea2f): fill_kobj_path: path = '/class/vtconsole'
[    0.175144] device: 'vtcon0': device_add
[    0.175144] kobject: 'vtconsole' (000000004625c2bd): kobject_add_internal: parent: 'virtual', set: '(null)'
[    0.175145] kobject: 'vtcon0' (0000000053571eb4): kobject_add_internal: parent: 'vtconsole', set: 'devices'
[    0.175151] PM: Adding info for No Bus:vtcon0
[    0.175151] kobject: 'vtcon0' (0000000053571eb4): kobject_uevent_env
[    0.175152] kobject: 'vtcon0' (0000000053571eb4): fill_kobj_path: path = '/devices/virtual/vtconsole/vtcon0'
[    0.175155] device class 'iommu': registering
[    0.175156] kobject: 'iommu' (000000003239ffdd): kobject_add_internal: parent: 'class', set: 'class'
[    0.175156] kobject: 'iommu' (000000003239ffdd): kobject_uevent_env
[    0.175157] kobject: 'iommu' (000000003239ffdd): fill_kobj_path: path = '/class/iommu'
[    0.175160] kobject: 'mipi-dsi' (000000002ab6ddbb): kobject_add_internal: parent: 'bus', set: 'bus'
[    0.175160] kobject: 'mipi-dsi' (000000002ab6ddbb): kobject_uevent_env
[    0.175161] kobject: 'mipi-dsi' (000000002ab6ddbb): fill_kobj_path: path = '/bus/mipi-dsi'
[    0.175162] kobject: 'devices' (00000000f853276c): kobject_add_internal: parent: 'mipi-dsi', set: '<NULL>'
[    0.175163] kobject: 'devices' (00000000f853276c): kobject_uevent_env
[    0.175163] kobject: 'devices' (00000000f853276c): kobject_uevent_env: filter function caused the event to drop!
[    0.175164] kobject: 'drivers' (00000000b7ce9d62): kobject_add_internal: parent: 'mipi-dsi', set: '<NULL>'
[    0.175165] kobject: 'drivers' (00000000b7ce9d62): kobject_uevent_env
[    0.175165] kobject: 'drivers' (00000000b7ce9d62): kobject_uevent_env: filter function caused the event to drop!
[    0.175166] bus: 'mipi-dsi': registered
[    0.175166] device class 'devlink': registering
[    0.175167] kobject: 'devlink' (00000000941f99ee): kobject_add_internal: parent: 'class', set: 'class'
[    0.175168] kobject: 'devlink' (00000000941f99ee): kobject_uevent_env
[    0.175168] kobject: 'devlink' (00000000941f99ee): fill_kobj_path: path = '/class/devlink'
[    0.175169] kobject: 'software_nodes' (00000000d39d480f): kobject_add_internal: parent: 'kernel', set: '<NULL>'
[    0.175170] kobject: 'software_nodes' (00000000d39d480f): kobject_uevent_env
[    0.175170] kobject: 'software_nodes' (00000000d39d480f): kobject_uevent_env: attempted to send uevent without kset!
[    0.175171] debugfs: creating file 'wakeup_sources'
[    0.175182] device class 'wakeup': registering
[    0.175183] kobject: 'wakeup' (0000000028fb9ac4): kobject_add_internal: parent: 'class', set: 'class'
[    0.175183] kobject: 'wakeup' (0000000028fb9ac4): kobject_uevent_env
[    0.175184] kobject: 'wakeup' (0000000028fb9ac4): fill_kobj_path: path = '/class/wakeup'
[    0.175185] kobject: 'node' (00000000e8c7f725): kobject_add_internal: parent: 'bus', set: 'bus'
[    0.175186] kobject: 'node' (00000000e8c7f725): kobject_uevent_env
[    0.175188] kobject: 'node' (00000000e8c7f725): fill_kobj_path: path = '/bus/node'
[    0.175189] kobject: 'devices' (000000006a92856e): kobject_add_internal: parent: 'node', set: '<NULL>'
[    0.175190] kobject: 'devices' (000000006a92856e): kobject_uevent_env
[    0.175190] kobject: 'devices' (000000006a92856e): kobject_uevent_env: filter function caused the event to drop!
[    0.175191] kobject: 'drivers' (00000000d7f9e528): kobject_add_internal: parent: 'node', set: '<NULL>'
[    0.175200] kobject: 'drivers' (00000000d7f9e528): kobject_uevent_env
[    0.175200] kobject: 'drivers' (00000000d7f9e528): kobject_uevent_env: filter function caused the event to drop!
[    0.175201] bus: 'node': registered
[    0.175202] device: 'node': device_add
[    0.175202] kobject: 'node' (000000005f915923): kobject_add_internal: parent: 'system', set: 'devices'
[    0.175206] PM: Adding info for No Bus:node
[    0.175206] kobject: 'node' (000000005f915923): kobject_uevent_env
[    0.175207] kobject: 'node' (000000005f915923): kobject_uevent_env: filter function caused the event to drop!
[    0.175207] debugfs: creating file 'regmap'
[    0.175215] thermal_sys: Registered thermal governor 'fair_share'
[    0.175216] thermal_sys: Registered thermal governor 'bang_bang'
[    0.175702] thermal_sys: Registered thermal governor 'step_wise'
[    0.176002] thermal_sys: Registered thermal governor 'user_space'
[    0.176461] device class 'thermal': registering
[    0.176931] kobject: 'thermal' (00000000ff93ea7f): kobject_add_internal: parent: 'class', set: 'class'
[    0.176933] kobject: 'thermal' (00000000ff93ea7f): kobject_uevent_env
[    0.176933] kobject: 'thermal' (00000000ff93ea7f): fill_kobj_path: path = '/class/thermal'
[    0.176935] cpuidle: using governor menu
[    0.177335] audit: type=2000 audit(1691746452.134:1): state=initialized audit_enabled=0 res=1
[    0.177972] doing arch, parsing ARGS: 'console=ttyS0 root=/dev/vda1 virtio_mmio.device=8K@0xc0000000:5 virtio_mmio.device=8K@0xc0002000:5'
[    0.177975] doing arch: console='ttyS0'
[    0.177978] doing arch: root='/dev/vda1'
[    0.177982] kobject: 'boot_params' (00000000c2f3f036): kobject_add_internal: parent: 'kernel', set: '<NULL>'
[    0.177988] debugfs: creating file 'x86'
[    0.177991] debugfs: creating file 'boot_params'
[    0.177992] debugfs: creating file 'version'
[    0.177994] debugfs: creating file 'data'
[    0.177995] debugfs: creating file 'setup_data'
[    0.178021] HugeTLB: can optimize 4095 vmemmap pages for hugepages-1048576kB
[    0.178609] device class 'dma': registering
[    0.178610] kobject: 'dma' (0000000058f332ad): kobject_add_internal: parent: 'class', set: 'class'
[    0.178612] kobject: 'dma' (0000000058f332ad): kobject_uevent_env
[    0.178613] kobject: 'dma' (0000000058f332ad): fill_kobj_path: path = '/class/dma'
[    0.178614] debugfs: creating file 'dmaengine'
[    0.178616] debugfs: creating file 'summary'
[    0.179005] irq: Added domain PCI-MSI
[    0.179006] PCI: Fatal: No config space access function found
[    0.179451] doing subsys, parsing ARGS: 'console=ttyS0 root=/dev/vda1 virtio_mmio.device=8K@0xc0000000:5 virtio_mmio.device=8K@0xc0002000:5'
[    0.179454] doing subsys: console='ttyS0'
[    0.179457] doing subsys: root='/dev/vda1'
[    0.179472] device: 'node0': device_add
[    0.179473] kobject: 'node0' (00000000513a5a90): kobject_add_internal: parent: 'node', set: 'devices'
[    0.179477] bus: 'node': add device node0
[    0.179487] PM: Adding info for node:node0
[    0.179488] kobject: 'node0' (00000000513a5a90): kobject_uevent_env
[    0.179489] kobject: 'node0' (00000000513a5a90): fill_kobj_path: path = '/devices/system/node/node0'
[    0.179513] device: 'cpu0': device_add
[    0.179513] kobject: 'cpu0' (00000000a64e5b93): kobject_add_internal: parent: 'cpu', set: 'devices'
[    0.179515] bus: 'cpu': add device cpu0
[    0.179517] PM: Adding info for cpu:cpu0
[    0.179517] kobject: 'cpu0' (00000000a64e5b93): kobject_uevent_env
[    0.179518] kobject: 'cpu0' (00000000a64e5b93): fill_kobj_path: path = '/devices/system/cpu/cpu0'
[    0.179534] kobject: 'module' (0000000068c41087): kobject_add_internal: parent: '<NULL>', set: '<NULL>'
[    0.179535] kobject: 'module' (0000000068c41087): kobject_uevent_env
[    0.179535] kobject: 'module' (0000000068c41087): kobject_uevent_env: attempted to send uevent without kset!
[    0.179536] kobject: 'configfs' (000000007845f019): kobject_add_internal: parent: 'module', set: 'module'
[    0.179537] kobject: 'configfs' (000000007845f019): kobject_uevent_env
[    0.179538] kobject: 'configfs' (000000007845f019): fill_kobj_path: path = '/module/configfs'
[    0.179540] kobject: 'xz_dec' (0000000058592537): kobject_add_internal: parent: 'module', set: 'module'
[    0.179541] kobject: 'xz_dec' (0000000058592537): kobject_uevent_env
[    0.179542] kobject: 'xz_dec' (0000000058592537): fill_kobj_path: path = '/module/xz_dec'
[    0.179544] kobject: 'vmd' (0000000069a5b842): kobject_add_internal: parent: 'module', set: 'module'
[    0.179552] kobject: 'vmd' (0000000069a5b842): kobject_uevent_env
[    0.179553] kobject: 'vmd' (0000000069a5b842): fill_kobj_path: path = '/module/vmd'
[    0.179554] kobject: 'virtio_pci' (00000000b565689a): kobject_add_internal: parent: 'module', set: 'module'
[    0.179555] kobject: 'virtio_pci' (00000000b565689a): kobject_uevent_env
[    0.179556] kobject: 'virtio_pci' (00000000b565689a): fill_kobj_path: path = '/module/virtio_pci'
[    0.179558] kobject: 'tpm' (00000000f16a8229): kobject_add_internal: parent: 'module', set: 'module'
[    0.179559] kobject: 'tpm' (00000000f16a8229): kobject_uevent_env
[    0.179560] kobject: 'tpm' (00000000f16a8229): fill_kobj_path: path = '/module/tpm'
[    0.179562] kobject: 'tpm_tis_core' (00000000fdfe15e3): kobject_add_internal: parent: 'module', set: 'module'
[    0.179563] kobject: 'tpm_tis_core' (00000000fdfe15e3): kobject_uevent_env
[    0.179564] kobject: 'tpm_tis_core' (00000000fdfe15e3): fill_kobj_path: path = '/module/tpm_tis_core'
[    0.179565] kobject: 'tpm_tis' (00000000d998450f): kobject_add_internal: parent: 'module', set: 'module'
[    0.179566] kobject: 'tpm_tis' (00000000d998450f): kobject_uevent_env
[    0.179568] kobject: 'tpm_tis' (00000000d998450f): fill_kobj_path: path = '/module/tpm_tis'
[    0.179569] kobject: 'tpm_crb' (0000000036bf5ba3): kobject_add_internal: parent: 'module', set: 'module'
[    0.179570] kobject: 'tpm_crb' (0000000036bf5ba3): kobject_uevent_env
[    0.179570] kobject: 'tpm_crb' (0000000036bf5ba3): fill_kobj_path: path = '/module/tpm_crb'
[    0.179572] kobject: 'ioasid_user' (0000000089a86d21): kobject_add_internal: parent: 'module', set: 'module'
[    0.179573] kobject: 'ioasid_user' (0000000089a86d21): kobject_uevent_env
[    0.179573] kobject: 'ioasid_user' (0000000089a86d21): fill_kobj_path: path = '/module/ioasid_user'
[    0.179576] kobject: 'scsi_dh_rdac' (000000008226d57e): kobject_add_internal: parent: 'module', set: 'module'
[    0.179577] kobject: 'scsi_dh_rdac' (000000008226d57e): kobject_uevent_env
[    0.179577] kobject: 'scsi_dh_rdac' (000000008226d57e): fill_kobj_path: path = '/module/scsi_dh_rdac'
[    0.179578] kobject: 'scsi_dh_alua' (00000000faca9fb2): kobject_add_internal: parent: 'module', set: 'module'
[    0.179579] kobject: 'scsi_dh_alua' (00000000faca9fb2): kobject_uevent_env
[    0.179580] kobject: 'scsi_dh_alua' (00000000faca9fb2): fill_kobj_path: path = '/module/scsi_dh_alua'
